C[48980555] : 20000
C[47065233] : 20000
C[1672901] : 20000
C[39414049] : 20000
C[57407993] : 20000
C[82398884] : 20000
C[77804750] : 20000
C[37947019] : 20000
C[18768948] : 20000
C[64595802] : 20000
C[62476990] : 20000
C[89499766] : 20000
C[9419421] : 20000
C[21546623] : 20000
C[68273374] : 20000
C[3729702] : 20000
C[78778109] : 20000
C[50943028] : 20000
C[25138555] : 20000
C[67599992] : 20000
C[40431202] : 20000
C[35355024] : 20000
C[67910851] : 20000
C[95823819] : 20000
C[92733396] : 20000
C[60540147] : 20000
C[19390277] : 20000
C[75833245] : 20000
C[81868208] : 20000
C[86220187] : 20000
C[88879120] : 20000
C[83365115] : 20000
C[85801773] : 20000
C[43068373] : 20000
C[75295516] : 20000
C[43209766] : 20000
C[25467257] : 20000
C[53100267] : 20000
C[81156785] : 20000
C[96752558] : 20000
C[70212421] : 20000
C[43633775] : 20000
C[86252324] : 20000
C[79631842] : 20000
C[17696750] : 20000
C[7042050] : 20000
C[83361544] : 20000
C[96474859] : 20000
C[57985078] : 20000
C[61016452] : 20000
C[16591204] : 20000
C[50932632] : 20000
C[96371476] : 20000
C[37018407] : 20000
C[46756451] : 20000
C[41621224] : 20000
C[97558555] : 20000
C[18663080] : 20000
C[17454469] : 20000
C[31943115] : 20000
C[57399620] : 20000
C[58849941] : 20000
C[15308230] : 20000
C[43201393] : 20000
C[1918315] : 20000
C[90603747] : 20000
C[86411159] : 20000
C[79901924] : 20000
C[96220366] : 20000
C[20084296] : 20000
C[29170834] : 20000
C[66432787] : 20000
C[16234423] : 20000
C[67939510] : 20000
C[98580981] : 20000
C[33931174] : 20000
C[74981561] : 20000
C[34458878] : 20000
C[82922385] : 20000
C[32966639] : 20000
C[95475330] : 20000
C[52029941] : 20000
C[36415624] : 20000
C[44363158] : 20000
C[89048349] : 20000
C[35688427] : 20000
C[85984382] : 20000
C[39123256] : 20000
C[54351508] : 20000
C[55955203] : 20000
C[71066371] : 20000
C[11751128] : 20000
C[14805145] : 20000
C[38890953] : 20000
C[54952521] : 20000
C[69239812] : 20000
C[82011052] : 20000
C[93880032] : 20000
C[1658088] : 20000
C[30747770] : 20000
Time elapsed : 1.153596 sec
