C[60682454] : 20000
C[61205681] : 20000
C[9068664] : 0
C[13328212] : 20000
C[82079859] : 0
C[10434044] : 20000
C[61356467] : 20000
C[99850800] : 0
C[29726166] : 20000
C[22496732] : 20000
C[61960553] : 74
C[3664554] : 78
C[44984905] : 20000
C[83305671] : 20000
C[64767714] : 20000
C[57626830] : 20000
C[8202243] : 0
C[84996103] : -9223372036854775808
C[35599481] : 20000
C[52347388] : 20000
C[67286569] : 0
C[15270620] : 20000
C[12523612] : 0
C[89415196] : -9223372036854775808
C[74152918] : 20000
C[71311572] : 20000
C[77461732] : 20008
C[20173544] : 78
C[48264698] : 20000
C[59445701] : 20000
C[94143312] : 0
C[61463504] : 20000
C[20651382] : 19968
C[55728328] : 20000
C[74791716] : 20000
C[55247593] : 20000
C[66162372] : 20000
C[36148184] : 20000
C[55098393] : 0
C[48404891] : 20000
C[58644916] : 20000
C[69575298] : 85899345920000
C[52069445] : 20000
C[3629821] : 85899345920000
C[52880969] : -9223372036854775808
C[69353512] : -9223372036854775808
C[61256652] : 20000
C[61083213] : -9223372036854775808
C[54349615] : 20000
C[49372485] : 20000
C[65946953] : 20000
C[74152536] : 20000
C[64643105] : -9223372036854775808
C[30986917] : 20000
C[16084085] : 0
C[38796024] : 20000
C[2298489] : 0
C[93545817] : -9223372036854775808
C[11485920] : 20008
C[3079539] : 20000
C[5507870] : 20000
C[5629232] : 20000
C[64543043] : 20000
C[26159253] : 10000
C[13873912] : 20000
C[39334760] : 20000
C[33923198] : 20000
C[32552636] : 28192
C[27999296] : -9223372036854775808
C[41537944] : 20000
C[80957527] : 20000
C[86644212] : 0
C[11113242] : 0
C[33026973] : 20000
C[42790386] : 20000
C[16510564] : 20000
C[54896837] : 20000
C[56563390] : 20000
C[30110129] : 20000
C[9246452] : 20000
C[5935875] : 28192
C[96057082] : 0
C[35915341] : -9223372036854775808
C[70578981] : 20000
C[79560351] : 20000
C[51999426] : 20000
C[61891357] : 20000
C[34375193] : -9223372036854775808
C[98061595] : 4
C[73377277] : 20000
C[37454732] : 20000
C[3569466] : 20000
C[31522861] : 20000
C[1997776] : 20256
C[82245071] : 20000
C[45396773] : 20000
C[93848888] : 0
C[68684621] : 20000
C[30465761] : 8976
C[74364536] : 0
Time elapsed : 1.198065 sec
