C[72084330] : 20000
C[82949755] : 20000
C[5314838] : 20000
C[96850819] : 20000
C[70822476] : 20000
C[91587527] : 20000
C[63357081] : 20000
C[30944988] : 20000
C[19860259] : 20000
C[34722283] : 20000
C[53020879] : 20000
C[22219226] : 20000
C[90338154] : 20000
C[10285435] : 20000
C[48213962] : 20000
C[89056663] : 20000
C[61232617] : 20000
C[18463074] : 20000
C[41016339] : 20000
C[22609483] : 20000
C[81424548] : 20000
C[45046545] : 20000
C[40363542] : 20000
C[25597348] : 20000
C[14171450] : 20000
C[94454844] : 20000
C[26583525] : 20000
C[67977802] : 20000
C[91459455] : 20000
C[76399813] : 20000
C[62924002] : 20000
C[63543785] : 20000
C[59349568] : 20000
C[20755193] : 20000
C[60394604] : 20000
C[82688396] : 20000
C[12342720] : 20000
C[76268037] : 20000
C[13633384] : 20000
C[84719331] : 20000
C[10990320] : 20000
C[19170616] : 20000
C[6938557] : 20000
C[1328474] : 20000
C[29456051] : 20000
C[7668871] : 20000
C[42901489] : 20000
C[43205021] : 20000
C[78648298] : 20000
C[83917828] : 20000
C[65814504] : 20000
C[60072846] : 20000
C[81480726] : 20000
C[58694398] : 20000
C[38186546] : 20000
C[48168528] : 20000
C[5665594] : 20000
C[64770072] : 20000
C[68662682] : 20000
C[97125049] : 20000
C[41169885] : 20000
C[84103037] : 20000
C[13185186] : 20000
C[53035805] : 20000
C[57374582] : 20000
C[26096142] : 20000
C[35724201] : 20000
C[22233654] : 20000
C[2364180] : 20000
C[1873938] : 20000
C[6952986] : 20000
C[65870852] : 20000
C[73560906] : 20000
C[13891543] : 20000
C[19715679] : 20000
C[3016957] : 20000
C[74076767] : 20000
C[62617168] : 20000
C[98738330] : 20000
C[52725065] : 20000
C[99051349] : 20000
C[64552834] : 20000
C[65314263] : 20000
C[33048427] : 20000
C[75763584] : 20000
C[56017161] : 20000
C[33733307] : 20000
C[81429179] : 20000
C[73303585] : 20000
C[2395990] : 20000
C[31070580] : 20000
C[66989822] : 20000
C[39015379] : 20000
C[44255767] : 20000
C[20025627] : 20000
C[96389961] : 20000
C[22868261] : 20000
C[8266181] : 20000
C[18623615] : 20000
C[25232441] : 20000
Time elapsed : 1.131240 sec
