C[53351443] : 20000
C[89466885] : 20000
C[60184651] : 20000
C[21471420] : 20000
C[33525325] : 20000
C[13864045] : 20000
C[84813025] : 20000
C[77591960] : 20000
C[10704466] : 20000
C[38375295] : 20000
C[50772496] : 20000
C[30369177] : 20000
C[81856161] : 20000
C[5404585] : 20000
C[23161180] : 20000
C[28588443] : 20000
C[67905650] : 20000
C[95011518] : 20000
C[75177726] : 20000
C[65339671] : 20000
C[90823270] : 20000
C[18137532] : 20000
C[80365176] : 20000
C[68740455] : 20000
C[11734596] : 20000
C[4137593] : 20000
C[3297655] : 20000
C[46819532] : 20000
C[87215104] : 20000
C[10972214] : 20000
C[63818263] : 20000
C[93082899] : 20000
C[439099] : 20000
C[76519266] : 20000
C[14554320] : 20000
C[33964424] : 20000
C[42899664] : 20000
C[99367345] : 20000
C[11556384] : 20000
C[53604130] : 20000
C[90258992] : 20000
C[14845233] : 20000
C[83973307] : 20000
C[24631505] : 20000
C[20249818] : 20000
C[7134487] : 20000
C[53219949] : 20000
C[40671820] : 20000
C[54662357] : 20000
C[80914027] : 20000
C[58527844] : 20000
C[45485627] : 20000
C[99051559] : 20000
C[38893020] : 20000
C[14226083] : 20000
C[10786156] : 20000
C[43030614] : 20000
C[17523738] : 20000
C[10122040] : 20000
C[30245718] : 20000
C[28495952] : 20000
C[73940303] : 20000
C[23328618] : 20000
C[81451403] : 20000
C[2975921] : 20000
C[90399290] : 20000
C[15415827] : 20000
C[45875585] : 20000
C[42282987] : 20000
C[26972211] : 20000
C[99479716] : 20000
C[85058331] : 20000
C[41817444] : 20000
C[35969375] : 20000
C[9689836] : 20000
C[14583615] : 20000
C[95620215] : 20000
C[62909785] : 20000
C[7771787] : 20000
C[50282572] : 20000
C[43823812] : 20000
C[66299631] : 20000
C[48284552] : 20000
C[95391724] : 20000
C[5192652] : 20000
C[62510635] : 20000
C[6177880] : 20000
C[48223266] : 20000
C[32550725] : 20000
C[16299920] : 20000
C[30985336] : 20000
C[13563029] : 20000
C[42756575] : 20000
C[6830306] : 20000
C[95014432] : 20000
C[45732496] : 20000
C[97229596] : 20000
C[10430259] : 20000
C[44124434] : 20000
C[39512583] : 20000
Time elapsed : 1.088791 sec
