C[86325560] : 32
C[52446848] : 32
C[58140797] : -271
C[49041985] : 2
C[61782865] : 40
C[89533502] : 12
C[94920525] : 48
C[52938584] : 0
C[17626042] : 20000
C[64730190] : 0
C[66274783] : 46
C[43768599] : 136
C[8069239] : 20000
C[72093973] : 32
C[30020116] : 1218
C[77178407] : -9223372036854775808
C[61141628] : 68
C[26280181] : 85899345920000
C[8509412] : -9223372036854775808
C[4865643] : 9488
C[36413640] : 0
C[93063584] : 0
C[86817468] : 32
C[47814287] : 128
C[93964720] : -32
C[40781466] : 64
C[37011904] : 8208
C[73936085] : -93
C[54004614] : 136
C[87994969] : -287
C[19803636] : 20000
C[40330174] : 0
C[40441818] : 16
C[77944433] : 0
C[41888511] : 0
C[54741035] : 372
C[67477935] : 38
C[36809036] : 0
C[7679619] : 19488
C[37620330] : 32
C[54055579] : 0
C[26470754] : 20000
C[33905281] : 4
C[62124818] : 96
C[98564728] : -54
C[63925398] : 0
C[91819577] : 130
C[59706356] : 44
C[90205579] : 0
C[52845341] : 0
C[17088351] : 20000
C[79135571] : -92
C[45908925] : 0
C[56422172] : 32
C[26949859] : 20000
C[92389997] : 8
C[97203638] : 0
C[16478115] : 20000
C[66326082] : 2
C[51208252] : 59
C[4473085] : 17952
C[38646070] : 33
C[44054779] : 82
C[97431255] : 0
C[69106856] : 57
C[38459642] : -94
C[4688642] : 20000
C[36584791] : 36
C[27785031] : 20000
C[12368262] : 20000
C[26721473] : 20000
C[81840610] : 126
C[38839016] : 8
C[13143107] : 20000
C[43965428] : 6042546
C[37403744] : -202
C[77068505] : -106
C[88301357] : 4
C[49626453] : 2
C[19790436] : 78
C[41146698] : -81
C[19231156] : 20000
C[98926007] : 86
C[39571975] : 2
C[75653328] : 34
C[78392218] : 2
C[31961973] : 20000
C[72856967] : 128
C[94870334] : 36
C[50804407] : 0
C[76581571] : 2
C[51859771] : 348
C[41966830] : 72
C[73152702] : -191
C[49291026] : 32
C[11073686] : 9984
C[11612345] : 20000
C[53979668] : 302
C[174829] : 17952
C[39397376] : 33
Time elapsed : 1.401350 sec
