CL_DEVICE_LOCAL_MEM_SIZE : 32768
__kernel void matrixmul(__global float* C, __global float* A, __global float* B, int wA, int wB) {
    int i = get_global_id(0);
    int j = get_global_id(1);
    //printf("%d %d\n", i, j);
    int k;
    float acc = 0.f;
    for (k = 0; k < wA; ++k) {
        acc += A[j * wA + k] * B[k * wB + i];
    }
    C[j * wB + i] = acc;
};

C[573897993] : 60000
C[223736940] : 60000
C[663253890] : 60000
C[74536334] : 60000
C[872859673] : 60000
C[164583314] : 60000
C[208961104] : 60000
C[42725597] : 60000
C[303862936] : 60000
C[449147724] : 60000
C[504877877] : 60000
C[46541592] : 60000
C[299918346] : 60000
C[241115757] : 60000
C[101710872] : 60000
C[705061456] : 60000
C[103187359] : 60000
C[475342440] : 60000
C[454467530] : 60000
C[152439911] : 60000
C[386188719] : 60000
C[268053708] : 60000
C[484555767] : 60000
C[468985311] : 60000
C[106412056] : 60000
C[451138709] : 60000
C[316708783] : 60000
C[793337560] : 60000
C[887003115] : 60000
C[294915485] : 60000
C[301412426] : 60000
C[213417461] : 60000
C[518652425] : 60000
C[64666317] : 60000
C[287953795] : 60000
C[144028451] : 60000
C[229249631] : 60000
C[149431251] : 60000
C[186754048] : 60000
C[533112567] : 60000
C[598578975] : 60000
C[691631925] : 60000
C[232170511] : 60000
C[551013673] : 60000
C[585264034] : 60000
C[886397735] : 60000
C[356075129] : 60000
C[688451394] : 60000
C[461740175] : 60000
C[463059011] : 60000
C[840891305] : 60000
C[500445246] : 60000
C[731112720] : 60000
C[77963424] : 60000
C[69430558] : 60000
C[490041128] : 60000
C[529102134] : 60000
C[38655693] : 60000
C[383378688] : 60000
C[168621601] : 60000
C[333571179] : 60000
C[684791114] : 60000
C[382039062] : 60000
C[852223604] : 60000
C[401973783] : 60000
C[669992857] : 60000
C[648768407] : 60000
C[631223414] : 60000
C[819424108] : 60000
C[835522455] : 60000
C[816852333] : 60000
C[518003083] : 60000
C[279670733] : 60000
C[149022844] : 60000
C[169016757] : 60000
C[864934767] : 60000
C[687936932] : 60000
C[177608238] : 60000
C[305902513] : 60000
C[249677107] : 60000
C[640667250] : 60000
C[246793819] : 60000
C[402638706] : 60000
C[124296322] : 60000
C[324757243] : 60000
C[124585616] : 60000
C[614337450] : 60000
C[506375729] : 60000
C[163241309] : 60000
C[97716138] : 60000
C[674997331] : 60000
C[496812488] : 60000
C[435023604] : 60000
C[157036393] : 60000
C[101552445] : 60000
C[836997388] : 60000
C[479545603] : 60000
C[750320852] : 60000
C[220737154] : 60000
C[398969711] : 60000
Time elapsed : 593.141442 sec
