C[60394089] : 20000
C[41476677] : 20000
C[78964842] : 20000
C[37144070] : 20000
C[55855346] : 20000
C[28923453] : 20000
C[71103881] : 20000
C[97215770] : 20000
C[67168987] : 20000
C[18698404] : 20000
C[78151866] : 20000
C[49739922] : 20000
C[16037133] : 20000
C[3576679] : 20000
C[45331390] : 20000
C[94305867] : 20000
C[42029337] : 20000
C[32594853] : 20000
C[66924687] : 20000
C[50271433] : 20000
C[53906400] : 20000
C[87323239] : 20000
C[80665132] : 20000
C[53281631] : 20000
C[46643096] : 20000
C[69022476] : 20000
C[18217502] : 20000
C[65444211] : 20000
C[75317706] : 20000
C[82689719] : 20000
C[33770856] : 20000
C[35711796] : 20000
C[76682748] : 20000
C[65252050] : 20000
C[72855866] : 20000
C[85054447] : 20000
C[94175503] : 20000
C[96476099] : 20000
C[34786569] : 20000
C[13860842] : 20000
C[67690855] : 20000
C[12938435] : 20000
C[63600764] : 20000
C[83727989] : 20000
C[69031467] : 20000
C[8932155] : 20000
C[30550208] : 20000
C[63577156] : 20000
C[94043360] : 20000
C[49991247] : 20000
C[13848589] : 20000
C[47949760] : 20000
C[37314486] : 20000
C[47030073] : 20000
C[53747743] : 20000
C[36473934] : 20000
C[16052550] : 20000
C[24481597] : 20000
C[54434498] : 20000
C[43886608] : 20000
C[59687669] : 20000
C[40721706] : 20000
C[79598404] : 20000
C[36370417] : 20000
C[5973756] : 20000
C[4970622] : 20000
C[21424864] : 20000
C[52665611] : 20000
C[53963074] : 20000
C[8727786] : 20000
C[66526454] : 20000
C[21653929] : 20000
C[21666221] : 20000
C[30127218] : 20000
C[57898270] : 20000
C[43214040] : 20000
C[91575725] : 20000
C[88448478] : 20000
C[6791196] : 20000
C[85619085] : 20000
C[90956077] : 20000
C[73156137] : 20000
C[86085198] : 20000
C[28270563] : 20000
C[20186211] : 20000
C[92349293] : 20000
C[17260850] : 20000
C[88755113] : 20000
C[16830891] : 20000
C[71695348] : 20000
C[32641721] : 20000
C[76518560] : 20000
C[12417054] : 20000
C[64756478] : 20000
C[65405329] : 20000
C[70907162] : 20000
C[22243452] : 20000
C[39346546] : 20000
C[76089125] : 20000
C[76206526] : 20000
Time elapsed : 1.439993 sec
