C[9969402] : 20000
C[38951897] : 20000
C[61422679] : 20000
C[28982405] : 20000
C[91783348] : 20000
C[31486559] : 20000
C[15268713] : 20000
C[8441548] : 20000
C[82487872] : 20000
C[79085686] : 20000
C[81737586] : 20000
C[40870482] : 20000
C[89559900] : 20000
C[90207160] : 20000
C[57148543] : 20000
C[59417605] : 20000
C[82938476] : 20000
C[61387639] : 20000
C[76310625] : 20000
C[65155588] : 20000
C[70800701] : 20000
C[78921445] : 20000
C[16367062] : 20000
C[71787713] : 20000
C[26270203] : 20000
C[3528663] : 20000
C[15658733] : 20000
C[52240251] : 20000
C[82615698] : 20000
C[81303413] : 20000
C[48311085] : 20000
C[92585100] : 20000
C[72771662] : 20000
C[62250117] : 20000
C[74083857] : 20000
C[17071362] : 20000
C[46253028] : 20000
C[89352570] : 20000
C[25512910] : 20000
C[28740900] : 20000
C[68438256] : 20000
C[59766848] : 20000
C[22127735] : 20000
C[10514508] : 20000
C[2490361] : 20000
C[79276278] : 20000
C[69932113] : 20000
C[85428837] : 20000
C[93180269] : 20000
C[98759090] : 20000
C[50584425] : 20000
C[16497322] : 20000
C[77680536] : 20000
C[66951487] : 20000
C[88285036] : 20000
C[3950739] : 20000
C[22996502] : 20000
C[56460121] : 20000
C[8707342] : 20000
C[5612201] : 20000
C[90279887] : 20000
C[9534780] : 20000
C[50713653] : 20000
C[15567901] : 20000
C[24301249] : 20000
C[24797511] : 20000
C[32639264] : 20000
C[70554277] : 20000
C[14150081] : 20000
C[10668526] : 20000
C[99295177] : 20000
C[35104690] : 20000
C[22951727] : 20000
C[73939264] : 20000
C[45619198] : 20000
C[25442088] : 20000
C[53215542] : 20000
C[15551312] : 20000
C[10870925] : 20000
C[98912163] : 20000
C[14310402] : 20000
C[61455350] : 20000
C[15409486] : 20000
C[91990938] : 20000
C[80923190] : 20000
C[56210874] : 20000
C[48458030] : 20000
C[3919692] : 20000
C[65187347] : 20000
C[9681724] : 20000
C[62048245] : 20000
C[55467234] : 20000
C[19216504] : 20000
C[12761899] : 20000
C[71035136] : 20000
C[43517753] : 20000
C[90075762] : 20000
C[56190752] : 20000
C[14072030] : 20000
C[4225843] : 20000
Time elapsed : 1.464166 sec
