C[86310812] : 20000
C[56403883] : 20000
C[90957431] : 20000
C[34990921] : 20000
C[47416868] : 20000
C[47010073] : 20000
C[69547869] : 20000
C[57601771] : 20000
C[97560936] : 20000
C[40818111] : 20000
C[54749406] : 20000
C[45975949] : 20000
C[94328920] : 20000
C[5567494] : 20000
C[89823148] : 20000
C[57046508] : 20000
C[12825149] : 20000
C[30140714] : 20000
C[65311467] : 20000
C[47735579] : 20000
C[16377095] : 20000
C[44862669] : 20000
C[58254670] : 20000
C[12007716] : 20000
C[93242755] : 20000
C[61061024] : 20000
C[75753218] : 20000
C[17238995] : 20000
C[79351661] : 20000
C[39757205] : 20000
C[62600408] : 20000
C[65662473] : 20000
C[48677440] : 20000
C[53557839] : 20000
C[53169747] : 20000
C[96094308] : 20000
C[53084264] : 20000
C[22717616] : 20000
C[53696079] : 20000
C[3161552] : 20000
C[16052079] : 20000
C[60961838] : 20000
C[49137501] : 20000
C[62897352] : 20000
C[19045684] : 20000
C[91477001] : 20000
C[19943860] : 20000
C[31870833] : 20000
C[74134068] : 20000
C[37771680] : 20000
C[32122764] : 20000
C[43027515] : 20000
C[82634349] : 20000
C[90377435] : 20000
C[55035231] : 20000
C[75877105] : 20000
C[3954811] : 20000
C[30788450] : 20000
C[93116100] : 20000
C[83306472] : 20000
C[70545655] : 20000
C[8232860] : 20000
C[48968945] : 20000
C[71739447] : 20000
C[61790700] : 20000
C[54655044] : 20000
C[67833756] : 20000
C[67391316] : 20000
C[77372660] : 20000
C[21529835] : 20000
C[23069221] : 20000
C[45941092] : 20000
C[35008025] : 20000
C[72206722] : 20000
C[8838444] : 20000
C[54053710] : 20000
C[16200076] : 20000
C[28782304] : 20000
C[85924543] : 20000
C[90334144] : 20000
C[66553984] : 20000
C[70563660] : 20000
C[33361659] : 20000
C[49188334] : 20000
C[60941095] : 20000
C[40913242] : 20000
C[77581791] : 20000
C[64895906] : 20000
C[71701692] : 20000
C[23214243] : 20000
C[48202378] : 20000
C[94763699] : 20000
C[31447104] : 20000
C[49687675] : 20000
C[66503147] : 20000
C[45754156] : 20000
C[4342720] : 20000
C[34336903] : 20000
C[13145472] : 20000
C[34231732] : 20000
Time elapsed : 1.412902 sec
