C[90328133] : 20000
C[38878439] : 20000
C[72973491] : 20000
C[26191906] : 20000
C[30876054] : 20000
C[63482381] : 20000
C[13258868] : 20000
C[44963146] : 20000
C[27634254] : 20000
C[94406781] : 20000
C[43048632] : 20000
C[36039415] : 20000
C[98051637] : 20000
C[57207015] : 20000
C[99832159] : 20000
C[82151514] : 20000
C[53453046] : 20000
C[95495499] : 20000
C[23703970] : 20000
C[38051122] : 20000
C[46417918] : 20000
C[84079669] : 20000
C[38951620] : 20000
C[23897176] : 20000
C[21487057] : 20000
C[54333211] : 20000
C[21911211] : 20000
C[56896283] : 20000
C[10003353] : 20000
C[43139814] : 20000
C[9505979] : 20000
C[331486] : 20000
C[82018253] : 20000
C[82479471] : 20000
C[26523392] : 20000
C[65410660] : 20000
C[45961852] : 20000
C[92298613] : 20000
C[62890158] : 20000
C[26112458] : 20000
C[86705394] : 20000
C[5938790] : 20000
C[14668225] : 20000
C[37273383] : 20000
C[15662157] : 20000
C[14500384] : 20000
C[71941249] : 20000
C[21631555] : 20000
C[62512235] : 20000
C[95645219] : 20000
C[12199029] : 20000
C[8930154] : 20000
C[79724888] : 20000
C[3667001] : 20000
C[32827330] : 20000
C[1211946] : 20000
C[58000213] : 20000
C[54738541] : 20000
C[10624581] : 20000
C[20519918] : 20000
C[97878356] : 20000
C[20130561] : 20000
C[20851405] : 20000
C[32412961] : 20000
C[55126384] : 20000
C[99891149] : 20000
C[50339973] : 20000
C[53604588] : 20000
C[92189762] : 20000
C[65746483] : 20000
C[79717046] : 20000
C[31411508] : 20000
C[24201625] : 20000
C[94385272] : 20000
C[21201243] : 20000
C[92380134] : 20000
C[61402008] : 20000
C[93142492] : 20000
C[14011690] : 20000
C[23914244] : 20000
C[88787712] : 20000
C[78727071] : 20000
C[32844398] : 20000
C[21028952] : 20000
C[82394073] : 20000
C[18188080] : 20000
C[22240898] : 20000
C[92910638] : 20000
C[25442974] : 20000
C[85381832] : 20000
C[13430556] : 20000
C[23321330] : 20000
C[58028745] : 20000
C[34281961] : 20000
C[8250643] : 20000
C[13155129] : 20000
C[86689463] : 20000
C[11106969] : 20000
C[66759717] : 20000
C[31395577] : 20000
Time elapsed : 1.143368 sec
