mpirun: killing job...

--------------------------------------------------------------------------
WARNING: A process refused to die!

Host: c47
PID:  11708

This process may still be running and/or consuming resources.

--------------------------------------------------------------------------
