C[14635161] : 20000
C[10696023] : 20000
C[44828258] : 20000
C[75382929] : 20000
C[51706689] : 20000
C[56484386] : 20000
C[55567160] : 20000
C[95363000] : 20000
C[33589015] : 20000
C[45394752] : 20000
C[22804603] : 20000
C[16471231] : 20000
C[38234299] : 20000
C[96286233] : 20000
C[80510881] : 20000
C[95366986] : 20000
C[87962665] : 20000
C[5662378] : 20000
C[71693216] : 20000
C[51355471] : 20000
C[59775570] : 20000
C[11116115] : 20000
C[70641918] : 20000
C[20784436] : 20000
C[64798005] : 20000
C[1417024] : 20000
C[37508650] : 20000
C[24346755] : 20000
C[70385391] : 20000
C[63331313] : 20000
C[51984065] : 20000
C[85020553] : 20000
C[74027336] : 20000
C[49328675] : 20000
C[12919834] : 20000
C[78250377] : 20000
C[5813061] : 20000
C[68486994] : 20000
C[73613378] : 20000
C[39402076] : 20000
C[66398099] : 20000
C[48934333] : 20000
C[8389660] : 20000
C[57148750] : 20000
C[45220566] : 20000
C[41416893] : 20000
C[5032088] : 20000
C[85699583] : 20000
C[47079271] : 20000
C[76725304] : 20000
C[89571406] : 20000
C[59371193] : 20000
C[87841420] : 20000
C[60213325] : 20000
C[80155629] : 20000
C[52639425] : 20000
C[14146701] : 20000
C[17664279] : 20000
C[29502532] : 20000
C[84532092] : 20000
C[80995592] : 20000
C[81486597] : 20000
C[22068997] : 20000
C[7539281] : 20000
C[30815272] : 20000
C[34988831] : 20000
C[85789658] : 20000
C[89144685] : 20000
C[3475826] : 20000
C[11919388] : 20000
C[81063114] : 20000
C[22390277] : 20000
C[60853722] : 20000
C[89452774] : 20000
C[79539027] : 20000
C[58590640] : 20000
C[30869667] : 20000
C[84571116] : 20000
C[44290224] : 20000
C[30465290] : 20000
C[13812772] : 20000
C[86377982] : 20000
C[89836483] : 20000
C[1654192] : 20000
C[46591307] : 20000
C[22508465] : 20000
C[6809969] : 20000
C[13254360] : 20000
C[40172744] : 20000
C[36312501] : 20000
C[97786453] : 20000
C[73684689] : 20000
C[70315450] : 20000
C[19855450] : 20000
C[81223970] : 20000
C[53647074] : 20000
C[7360634] : 20000
C[19529980] : 20000
C[42791760] : 20000
C[10836460] : 20000
Time elapsed : 1.124269 sec
