C[61356642] : 20000
C[95108681] : 20000
C[76949945] : 20000
C[66023814] : 20000
C[39921027] : 20000
C[55243257] : 20000
C[60288364] : 20000
C[67028396] : 20000
C[36378800] : 20000
C[10464934] : 20000
C[884114] : 20000
C[73274515] : 20000
C[58071066] : 20000
C[1925628] : 20000
C[24757236] : 20000
C[57250942] : 20000
C[76610743] : 20000
C[63078578] : 20000
C[17355879] : 20000
C[22589469] : 20000
C[93843909] : 20000
C[94770489] : 20000
C[56802249] : 20000
C[56553861] : 20000
C[93155285] : 20000
C[2776673] : 20000
C[69594665] : 20000
C[27811472] : 20000
C[25725603] : 20000
C[10259328] : 20000
C[97146441] : 20000
C[87082245] : 20000
C[5368009] : 20000
C[74096387] : 20000
C[5622411] : 20000
C[97805388] : 20000
C[29339644] : 20000
C[65910775] : 20000
C[64833784] : 20000
C[18234797] : 20000
C[76375710] : 20000
C[18234250] : 20000
C[44025664] : 20000
C[86963128] : 20000
C[20159879] : 20000
C[21299252] : 20000
C[44214070] : 20000
C[96770622] : 20000
C[36894183] : 20000
C[14086301] : 20000
C[71876443] : 20000
C[30738092] : 20000
C[61373142] : 20000
C[81195044] : 20000
C[87291953] : 20000
C[54528427] : 20000
C[36488069] : 20000
C[56886618] : 20000
C[34856252] : 20000
C[62213673] : 20000
C[67145946] : 20000
C[84519045] : 20000
C[1812270] : 20000
C[25030307] : 20000
C[58615432] : 20000
C[7434682] : 20000
C[75352047] : 20000
C[40471429] : 20000
C[73345457] : 20000
C[40185831] : 20000
C[11222578] : 20000
C[2237519] : 20000
C[10936434] : 20000
C[55248242] : 20000
C[41716999] : 20000
C[83612665] : 20000
C[76547495] : 20000
C[85931069] : 20000
C[32899639] : 20000
C[13441678] : 20000
C[52533722] : 20000
C[4776082] : 20000
C[44179770] : 20000
C[66423216] : 20000
C[38487478] : 20000
C[83988076] : 20000
C[20951644] : 20000
C[74975548] : 20000
C[40874694] : 20000
C[8324248] : 20000
C[37189221] : 20000
C[60536993] : 20000
C[92843293] : 20000
C[39001491] : 20000
C[85567300] : 20000
C[3975078] : 20000
C[46436173] : 20000
C[60919348] : 20000
C[44446507] : 20000
C[72297983] : 20000
Time elapsed : 46.040478 sec
