C[56593210] : 0
C[10421313] : 0
C[11817261] : 0
C[95228736] : 0
C[75184933] : 0
C[47485863] : 0
C[78703679] : 0
C[40272926] : 0
C[46011275] : 0
C[88403267] : 0
C[11657782] : 0
C[66733725] : 0
C[55315507] : 0
C[57846319] : 0
C[39934158] : 0
C[49818445] : 0
C[43731414] : 0
C[21455997] : 0
C[53595145] : 0
C[17457271] : 0
C[77806644] : 0
C[41453450] : 0
C[38875095] : 0
C[97486733] : 0
C[28130474] : 0
C[91995987] : 0
C[54567459] : 0
C[32667820] : 0
C[86850828] : 0
C[80850303] : 0
C[10843401] : 0
C[95960390] : 0
C[91271616] : 0
C[75177014] : 0
C[91189126] : 0
C[18972901] : 0
C[75179229] : 0
C[69892805] : 0
C[11762179] : 0
C[21190505] : 0
C[10812424] : 0
C[23419962] : 0
C[40440582] : 0
C[66127931] : 0
C[33782633] : 0
C[80374740] : 0
C[15946377] : 0
C[30030400] : 0
C[54347089] : 0
C[69541522] : 0
C[47487671] : 0
C[32153734] : 0
C[63511324] : 0
C[86362767] : 0
C[29640467] : 0
C[44158150] : 0
C[30875106] : 0
C[36724279] : 0
C[29342322] : 0
C[17725934] : 0
C[17574582] : 0
C[92702076] : 0
C[66202676] : 0
C[8846198] : 0
C[67879090] : 0
C[57391802] : 0
C[80335452] : 0
C[43058320] : 0
C[79800959] : 0
C[92097631] : 0
C[16765177] : 0
C[90613383] : 0
C[15517593] : 0
C[9722111] : 0
C[9257666] : 0
C[1816579] : 0
C[42613204] : 0
C[25204043] : 0
C[31846979] : 0
C[96960293] : 0
C[47261917] : 0
C[31851002] : 0
C[81630379] : 0
C[63289593] : 0
C[70730121] : 0
C[63787199] : 0
C[59964096] : 0
C[1605227] : 0
C[511478] : 0
C[89306418] : 0
C[71847513] : 0
C[18086060] : 0
C[82008494] : 0
C[38050189] : 0
C[79448610] : 0
C[2403937] : 0
C[47958343] : 0
C[12300414] : 0
C[97978609] : 0
C[80275654] : 0
Time elapsed : 0.372861 sec
