C[58508943] : 20000
C[68662768] : 20000
C[64686572] : 20000
C[89787939] : 20000
C[48392463] : 20000
C[69403479] : 20000
C[15536229] : 20000
C[36442988] : 20000
C[14019767] : 20000
C[47627935] : 20000
C[31498066] : 20000
C[11837647] : 20000
C[80621423] : 20000
C[88494562] : 20000
C[98082675] : 20000
C[54524691] : 20000
C[38484675] : 20000
C[91659394] : 20000
C[58706614] : 20000
C[92086839] : 20000
C[32972456] : 20000
C[70521146] : 20000
C[43798572] : 20000
C[22777451] : 20000
C[35122383] : 20000
C[58518131] : 20000
C[83246518] : 20000
C[7339513] : 20000
C[75461589] : 20000
C[85229162] : 20000
C[8501898] : 20000
C[33970532] : 20000
C[6408282] : 20000
C[25704823] : 20000
C[23758471] : 20000
C[7317097] : 20000
C[95108302] : 20000
C[91811052] : 20000
C[43760085] : 20000
C[61644421] : 20000
C[39438987] : 20000
C[27774504] : 20000
C[73482068] : 20000
C[20060411] : 20000
C[16269066] : 20000
C[24081095] : 20000
C[27101454] : 20000
C[7270094] : 20000
C[15740489] : 20000
C[38324420] : 20000
C[99356933] : 20000
C[48712945] : 20000
C[8845566] : 20000
C[95671857] : 20000
C[24006748] : 20000
C[43967950] : 20000
C[6706341] : 20000
C[7253266] : 20000
C[3823815] : 20000
C[82167930] : 20000
C[44998780] : 20000
C[12325714] : 20000
C[68654814] : 20000
C[3923415] : 20000
C[38030537] : 20000
C[44929637] : 20000
C[11240512] : 20000
C[85655191] : 20000
C[36740689] : 20000
C[7516950] : 20000
C[47299612] : 20000
C[76179676] : 20000
C[35291454] : 20000
C[73298032] : 20000
C[48756439] : 20000
C[4076872] : 20000
C[97379127] : 20000
C[75857893] : 20000
C[11346966] : 20000
C[13119616] : 20000
C[14182314] : 20000
C[63220251] : 20000
C[14348913] : 20000
C[75544232] : 20000
C[58892109] : 20000
C[38355661] : 20000
C[72028534] : 20000
C[65598450] : 20000
C[98125279] : 20000
C[75852350] : 20000
C[282732] : 20000
C[95640411] : 20000
C[40694416] : 20000
C[68937546] : 20000
C[99563826] : 20000
C[31241305] : 20000
C[13867183] : 20000
C[63320691] : 20000
C[16896496] : 20000
C[50607872] : 20000
Time elapsed : 240.283969 sec
