C[86715011] : 0
C[49052626] : 0
C[82030632] : 0
C[44237384] : 0
C[88803271] : 0
C[36876819] : 0
C[34958329] : 0
C[54016982] : 0
C[75628685] : 0
C[64747921] : 0
C[43393995] : 0
C[1248734] : 0
C[3608424] : 0
C[50953830] : 0
C[77463883] : 0
C[65712650] : 0
C[64805478] : 0
C[90765147] : 0
C[91868363] : 0
C[16702492] : 0
C[65501776] : 0
C[13108478] : 0
C[86423729] : 0
C[8684284] : 0
C[58162432] : 0
C[23789706] : 0
C[90554068] : 0
C[67565495] : 0
C[51267358] : 0
C[94300699] : 0
C[89975821] : 0
C[37982370] : 0
C[95869677] : 0
C[72006453] : 0
C[34736106] : 0
C[84672949] : 0
C[61399624] : 0
C[69694435] : 0
C[91206283] : 0
C[37028309] : 0
C[86958708] : 0
C[87116630] : 0
C[38277044] : 0
C[43083485] : 0
C[38070461] : 0
C[68257279] : 0
C[8796135] : 0
C[55392291] : 0
C[59022427] : 0
C[53180850] : 0
C[24611135] : 0
C[77040555] : 0
C[18805681] : 0
C[11034865] : 0
C[85724840] : 0
C[76968113] : 0
C[87340923] : 0
C[76278908] : 0
C[44533608] : 0
C[38608281] : 0
C[23095959] : 0
C[87025781] : 0
C[29107003] : 0
C[71481989] : 0
C[59032235] : 0
C[63843109] : 0
C[56154938] : 0
C[20431859] : 0
C[86053897] : 0
C[99877573] : 0
C[57460169] : 0
C[73012605] : 0
C[86994204] : 0
C[48253565] : 0
C[16096090] : 0
C[77581017] : 0
C[16510844] : 0
C[24892226] : 0
C[32973308] : 0
C[28049623] : 0
C[78073076] : 0
C[57584444] : 0
C[5090179] : 0
C[49395109] : 0
C[21135661] : 0
C[43331371] : 0
C[26363222] : 0
C[60992936] : 0
C[19610279] : 0
C[23413182] : 0
C[99601217] : 0
C[95222590] : 0
C[10438964] : 0
C[81224573] : 0
C[66704579] : 0
C[21987551] : 0
C[97584034] : 0
C[75375869] : 0
C[42419410] : 0
C[83637931] : 0
Time elapsed : 0.376563 sec
