C[74302665] : 0
C[97661832] : 0
C[26240959] : 0
C[84447087] : 0
C[36616023] : 0
C[60653756] : 0
C[36284209] : 0
C[56632063] : 0
C[68651014] : 0
C[64151794] : 0
C[96554559] : 0
C[95955999] : 0
C[7601678] : 0
C[80195102] : 0
C[56986488] : 0
C[9025520] : 0
C[83973802] : 0
C[79197429] : 0
C[38488629] : 0
C[14688070] : 0
C[61739675] : 0
C[78585838] : 0
C[29776313] : 0
C[89389677] : 0
C[16898339] : 0
C[13428680] : 0
C[79586141] : 0
C[24200065] : 0
C[55289118] : 0
C[16598241] : 0
C[90278011] : 0
C[29591783] : 0
C[66776426] : 0
C[69035322] : 0
C[14038871] : 0
C[55908801] : 0
C[29689078] : 0
C[2839432] : 0
C[12540865] : 0
C[98340092] : 0
C[66991226] : 0
C[9095424] : 0
C[46812443] : 0
C[74592905] : 0
C[89290526] : 0
C[3798931] : 0
C[36134777] : 0
C[25780681] : 0
C[35512713] : 0
C[74623406] : 0
C[92985103] : 0
C[49768740] : 0
C[5725596] : 0
C[22761417] : 0
C[39158417] : 0
C[22623936] : 0
C[88706449] : 0
C[71260911] : 0
C[99340353] : 0
C[43995567] : 0
C[40375504] : 0
C[42134716] : 0
C[73587351] : 0
C[7151930] : 0
C[11170038] : 0
C[40142574] : 0
C[15577084] : 0
C[40859116] : 0
C[42982006] : 0
C[28117949] : 0
C[91715561] : 0
C[62489585] : 0
C[89729725] : 0
C[38528004] : 0
C[89598842] : 0
C[31536603] : 0
C[94843288] : 0
C[25733619] : 0
C[9833636] : 0
C[30356001] : 0
C[52873377] : 0
C[2818740] : 0
C[32641093] : 0
C[58598974] : 0
C[25580157] : 0
C[71799510] : 0
C[81222910] : 0
C[14286606] : 0
C[95576773] : 0
C[80563263] : 0
C[10798526] : 0
C[35952278] : 0
C[22697980] : 0
C[84385877] : 0
C[43104208] : 0
C[86384370] : 0
C[77044803] : 0
C[11197644] : 0
C[27243487] : 0
C[20026809] : 0
Time elapsed : 0.377775 sec
