C[49827904] : 0
C[440382] : 0
C[58347411] : 0
C[91972597] : 0
C[54782007] : 0
C[46625452] : 0
C[80897523] : 0
C[87795184] : 0
C[79929769] : 0
C[90922815] : 0
C[89099834] : 0
C[79413616] : 0
C[86550578] : 0
C[44775190] : 0
C[62223353] : 0
C[43538661] : 0
C[76882910] : 0
C[62514433] : 0
C[5980989] : 0
C[96066222] : 0
C[15959471] : 0
C[22445168] : 0
C[37317887] : 0
C[72455551] : 0
C[26615085] : 0
C[95428534] : 0
C[35480875] : 0
C[25921159] : 0
C[54225776] : 0
C[29735819] : 0
C[71582416] : 0
C[56570032] : 0
C[30176201] : 0
C[29929828] : 0
C[48542629] : 0
C[84958208] : 0
C[29071632] : 0
C[81956504] : 0
C[25269745] : 0
C[61517753] : 0
C[25395672] : 0
C[66885931] : 0
C[40931369] : 0
C[11946250] : 0
C[11661121] : 0
C[3154722] : 0
C[8001263] : 0
C[41060383] : 0
C[65669156] : 0
C[66498604] : 0
C[37126605] : 0
C[34144979] : 0
C[88943772] : 0
C[26960844] : 0
C[59116882] : 0
C[15558857] : 0
C[74905730] : 0
C[94597757] : 0
C[93996368] : 0
C[29131506] : 0
C[24333577] : 0
C[65578785] : 0
C[85701538] : 0
C[7026130] : 0
C[48024965] : 0
C[86760519] : 0
C[44500691] : 0
C[29612949] : 0
C[68717023] : 0
C[69770436] : 0
C[91130702] : 0
C[94112695] : 0
C[36656367] : 0
C[32062071] : 0
C[58575297] : 0
C[833840] : 0
C[87733146] : 0
C[66576560] : 0
C[41894223] : 0
C[53402302] : 0
C[33075165] : 0
C[31537180] : 0
C[40063633] : 0
C[22018937] : 0
C[58498024] : 0
C[99180515] : 0
C[90094147] : 0
C[33403754] : 0
C[93778272] : 0
C[84090515] : 0
C[15051612] : 0
C[18111849] : 0
C[2185652] : 0
C[753150] : 0
C[77654332] : 0
C[50210617] : 0
C[40030021] : 0
C[22155023] : 0
C[79823566] : 0
C[8747044] : 0
Time elapsed : 0.377095 sec
