C[71990729] : 0
C[37495667] : 0
C[8723962] : 0
C[64698989] : 0
C[76795317] : 0
C[5999166] : 0
C[30713284] : 0
C[27332335] : 0
C[88773965] : 0
C[76560533] : 0
C[63064923] : 0
C[52068227] : 0
C[20155983] : 0
C[33801690] : 0
C[90398369] : 0
C[17079005] : 0
C[7314103] : 0
C[69713889] : 0
C[46829031] : 0
C[22831331] : 0
C[226194] : 0
C[12699945] : 0
C[61904236] : 0
C[81528505] : 0
C[69126793] : 0
C[49010598] : 0
C[94161462] : 0
C[76307026] : 0
C[4446583] : 0
C[60493710] : 0
C[69912184] : 0
C[76437312] : 0
C[50505729] : 0
C[31152498] : 0
C[41136301] : 0
C[27301046] : 0
C[37151664] : 0
C[24365937] : 0
C[7149733] : 0
C[78441981] : 0
C[926470] : 0
C[22731009] : 0
C[83026560] : 0
C[21082453] : 0
C[56532699] : 0
C[73424930] : 0
C[90677810] : 0
C[63846803] : 0
C[95655171] : 0
C[90023194] : 0
C[39194486] : 0
C[95881365] : 0
C[2723139] : 0
C[53615075] : 0
C[29926222] : 0
C[71849932] : 0
C[2625673] : 0
C[24087684] : 0
C[673310] : 0
C[7072256] : 0
C[37097746] : 0
C[23101846] : 0
C[83509568] : 0
C[87603475] : 0
C[54254344] : 0
C[24645870] : 0
C[67420873] : 0
C[43922361] : 0
C[1528159] : 0
C[27086958] : 0
C[22364342] : 0
C[2454630] : 0
C[49817967] : 0
C[57907255] : 0
C[76053435] : 0
C[58867019] : 0
C[31332185] : 0
C[19247598] : 0
C[22713822] : 0
C[79503708] : 0
C[9270792] : 0
C[14424660] : 0
C[27901425] : 0
C[11993931] : 0
C[68039735] : 0
C[57827647] : 0
C[36360215] : 0
C[70665408] : 0
C[34431683] : 0
C[37033525] : 0
C[77737664] : 0
C[24045781] : 0
C[12651724] : 0
C[61247233] : 0
C[11649256] : 0
C[19422420] : 0
C[38409455] : 0
C[31586481] : 0
C[63344781] : 0
C[39937614] : 0
Time elapsed : 0.377504 sec
