C[24036371] : 20000
C[86537477] : 20000
C[85612693] : 20000
C[50039758] : 20000
C[26380292] : 20000
C[58182051] : 20000
C[31853511] : 20000
C[97383919] : 20000
C[22459520] : 20000
C[1329774] : 20000
C[6008304] : 20000
C[17106654] : 20000
C[48300113] : 20000
C[15360822] : 20000
C[35094985] : 20000
C[27437579] : 20000
C[85265899] : 20000
C[70387792] : 20000
C[1447138] : 20000
C[82376033] : 20000
C[10173662] : 20000
C[54469393] : 20000
C[49762523] : 20000
C[96776450] : 20000
C[84187346] : 20000
C[84892137] : 20000
C[18682211] : 20000
C[56995346] : 20000
C[9868840] : 20000
C[30662722] : 20000
C[62589203] : 20000
C[33905211] : 20000
C[17200200] : 20000
C[48201896] : 20000
C[83944970] : 20000
C[96096844] : 20000
C[58900300] : 20000
C[68314833] : 20000
C[45997115] : 20000
C[33876172] : 20000
C[22160959] : 20000
C[52005419] : 20000
C[3499178] : 20000
C[70461073] : 20000
C[67366241] : 20000
C[38594163] : 20000
C[97898652] : 20000
C[5148492] : 20000
C[61498308] : 20000
C[51862142] : 20000
C[40040878] : 20000
C[24188322] : 20000
C[58847887] : 20000
C[89803401] : 20000
C[20964772] : 20000
C[43035233] : 20000
C[27211891] : 20000
C[92163336] : 20000
C[52546931] : 20000
C[37080731] : 20000
C[22826058] : 20000
C[15136135] : 20000
C[70985943] : 20000
C[92542610] : 20000
C[15854383] : 20000
C[7447265] : 20000
C[41155806] : 20000
C[27271035] : 20000
C[28278450] : 20000
C[87152921] : 20000
C[61147208] : 20000
C[50439410] : 20000
C[91674693] : 20000
C[17162738] : 20000
C[73416835] : 20000
C[11557286] : 20000
C[55756902] : 20000
C[23831839] : 20000
C[16705779] : 20000
C[69771562] : 20000
C[75693982] : 20000
C[56746657] : 20000
C[93959884] : 20000
C[87058221] : 20000
C[99066410] : 20000
C[67441009] : 20000
C[30093455] : 20000
C[26278301] : 20000
C[59604345] : 20000
C[82640386] : 20000
C[63359033] : 20000
C[34946755] : 20000
C[50292873] : 20000
C[86861328] : 20000
C[27489366] : 20000
C[18663609] : 20000
C[46824945] : 20000
C[21161524] : 20000
C[98450996] : 20000
C[27619747] : 20000
Time elapsed : 171.761004 sec
