C[93957979] : 0
C[82049805] : 0
C[19470945] : 0
C[17928624] : 0
C[53024432] : 0
C[68199027] : 0
C[64374839] : 0
C[82932429] : 0
C[30768256] : 0
C[49332364] : 0
C[67069504] : 0
C[44887482] : 0
C[6439772] : 0
C[13459674] : 0
C[11295488] : 0
C[59269865] : 0
C[50579099] : 0
C[55953213] : 0
C[50791089] : 0
C[23437183] : 0
C[24292065] : 0
C[56431861] : 0
C[68085725] : 0
C[22679002] : 0
C[38026469] : 0
C[86007223] : 0
C[49104041] : 0
C[6183621] : 0
C[27974003] : 0
C[3643730] : 0
C[71963399] : 0
C[74448334] : 0
C[85693535] : 0
C[91434344] : 0
C[92376959] : 0
C[38717967] : 0
C[12149723] : 0
C[9268150] : 0
C[74166749] : 0
C[95434331] : 0
C[11116866] : 0
C[41236253] : 0
C[40321814] : 0
C[17556638] : 0
C[7212280] : 0
C[4133654] : 0
C[29342856] : 0
C[10307731] : 0
C[12603219] : 0
C[80133945] : 0
C[33744914] : 0
C[36895284] : 0
C[89082158] : 0
C[1830639] : 0
C[12090638] : 0
C[79624979] : 0
C[87837862] : 0
C[61194680] : 0
C[85808601] : 0
C[68328217] : 0
C[17354762] : 0
C[10288352] : 0
C[42776552] : 0
C[3048297] : 0
C[1722696] : 0
C[87669863] : 0
C[94282617] : 0
C[66388771] : 0
C[96938013] : 0
C[20965718] : 0
C[61823103] : 0
C[8054879] : 0
C[14718323] : 0
C[54661269] : 0
C[78127870] : 0
C[21930603] : 0
C[58794923] : 0
C[7470726] : 0
C[32238334] : 0
C[71398142] : 0
C[40121023] : 0
C[65983248] : 0
C[8293427] : 0
C[29203181] : 0
C[67813888] : 0
C[72900417] : 0
C[8828160] : 0
C[8168102] : 0
C[34095097] : 0
C[47153113] : 0
C[76496320] : 0
C[51449859] : 0
C[57441465] : 0
C[19272872] : 0
C[7014509] : 0
C[11680513] : 0
C[59459087] : 0
C[53813478] : 0
C[78069285] : 0
C[56397100] : 0
Time elapsed : 0.375850 sec
