C[30938197] : 0
C[46580168] : 0
C[3162302] : 0
C[51113206] : 0
C[29908984] : 0
C[45126530] : 0
C[77725631] : 0
C[99451497] : 0
C[78501908] : 0
C[29981081] : 0
C[75581148] : 0
C[22289304] : 0
C[50596468] : 0
C[65887208] : 0
C[1710420] : 0
C[5433795] : 0
C[9377117] : 0
C[7372261] : 0
C[85695015] : 0
C[83171200] : 0
C[9117328] : 0
C[66151216] : 0
C[3009923] : 0
C[25600105] : 0
C[34532578] : 0
C[18877406] : 0
C[26751533] : 0
C[48129459] : 0
C[38388587] : 0
C[41287995] : 0
C[5891914] : 0
C[21843136] : 0
C[87868163] : 0
C[61570568] : 0
C[72956343] : 0
C[70293499] : 0
C[6697098] : 0
C[3198326] : 0
C[22261349] : 0
C[37715359] : 0
C[33179408] : 0
C[97842497] : 0
C[12521015] : 0
C[36292228] : 0
C[63729705] : 0
C[14231435] : 0
C[94242375] : 0
C[25623174] : 0
C[21603696] : 0
C[79937390] : 0
C[61310726] : 0
C[83237377] : 0
C[98604958] : 0
C[64320650] : 0
C[61353834] : 0
C[85653889] : 0
C[35714408] : 0
C[88105367] : 0
C[86299700] : 0
C[26619347] : 0
C[29393362] : 0
C[44707966] : 0
C[48462484] : 0
C[69777877] : 0
C[6278535] : 0
C[21418827] : 0
C[92587729] : 0
C[12975633] : 0
C[77133505] : 0
C[14849078] : 0
C[3207344] : 0
C[62829265] : 0
C[65207927] : 0
C[15728359] : 0
C[99121493] : 0
C[81453984] : 0
C[82476146] : 0
C[45880220] : 0
C[59593511] : 0
C[4079843] : 0
C[25817611] : 0
C[20904237] : 0
C[39833572] : 0
C[76938921] : 0
C[37741239] : 0
C[1187406] : 0
C[62592810] : 0
C[73455647] : 0
C[41809125] : 0
C[48892510] : 0
C[52591347] : 0
C[23718840] : 0
C[46116829] : 0
C[1053831] : 0
C[46013069] : 0
C[52395364] : 0
C[74989010] : 0
C[38600798] : 0
C[65370997] : 0
C[4638867] : 0
Time elapsed : 0.369967 sec
