C[45179872] : 0
C[93160680] : 0
C[59648696] : 0
C[70705598] : 0
C[90559023] : 0
C[96866073] : 0
C[40284826] : 0
C[98124533] : 0
C[50224285] : 0
C[43830879] : 0
C[12581606] : 0
C[85494388] : 0
C[49623248] : 0
C[30713891] : 0
C[44373041] : 0
C[51574165] : 0
C[36223275] : 0
C[74463922] : 0
C[71304662] : 0
C[33446460] : 0
C[36726943] : 0
C[78055757] : 0
C[27490784] : 0
C[9271569] : 0
C[13345252] : 0
C[55990334] : 0
C[22218698] : 0
C[13638126] : 0
C[40661037] : 0
C[85007426] : 0
C[61991679] : 0
C[85840909] : 0
C[30684458] : 0
C[74156728] : 0
C[9062859] : 0
C[73759834] : 0
C[71022801] : 0
C[49347686] : 0
C[71884367] : 0
C[73763438] : 0
C[45694917] : 0
C[36982325] : 0
C[11774178] : 0
C[95318166] : 0
C[67696217] : 0
C[8663571] : 0
C[99408683] : 0
C[56435844] : 0
C[83127494] : 0
C[70713345] : 0
C[89882304] : 0
C[72370789] : 0
C[1285454] : 0
C[17373088] : 0
C[81642359] : 0
C[14630707] : 0
C[25879774] : 0
C[3861057] : 0
C[80785185] : 0
C[19057163] : 0
C[88868483] : 0
C[95293216] : 0
C[4898072] : 0
C[72069294] : 0
C[21966296] : 0
C[66477284] : 0
C[98345480] : 0
C[45505450] : 0
C[15824970] : 0
C[70229847] : 0
C[19268888] : 0
C[61519887] : 0
C[59728525] : 0
C[31043067] : 0
C[9354405] : 0
C[79941094] : 0
C[39706638] : 0
C[8763088] : 0
C[36376938] : 0
C[75350484] : 0
C[79476434] : 0
C[78775594] : 0
C[47721274] : 0
C[33278240] : 0
C[48665034] : 0
C[29363633] : 0
C[425299] : 0
C[27061160] : 0
C[85741042] : 0
C[81210484] : 0
C[46118324] : 0
C[74609525] : 0
C[29020053] : 0
C[3532748] : 0
C[99195171] : 0
C[50986349] : 0
C[70010032] : 0
C[97540651] : 0
C[96491799] : 0
C[38351354] : 0
Time elapsed : 0.376091 sec
