C[23307459] : 0
C[16281114] : 0
C[74049155] : 0
C[67726492] : 0
C[95400154] : 0
C[85019335] : 0
C[10305261] : 0
C[41777976] : 0
C[62867009] : 0
C[65043428] : 0
C[32567518] : 0
C[35317465] : 0
C[48255563] : 0
C[30084116] : 0
C[69227290] : 0
C[91780176] : 0
C[2466680] : 0
C[54589529] : 0
C[56866548] : 0
C[7344802] : 0
C[23539118] : 0
C[56300591] : 0
C[30446323] : 0
C[4920232] : 0
C[58225846] : 0
C[93497085] : 0
C[91185075] : 0
C[35113893] : 0
C[79444733] : 0
C[76919743] : 0
C[19508109] : 0
C[55268545] : 0
C[93200857] : 0
C[93557264] : 0
C[22995037] : 0
C[88601011] : 0
C[78576599] : 0
C[85816650] : 0
C[82895339] : 0
C[93959960] : 0
C[50860078] : 0
C[15462857] : 0
C[81793778] : 0
C[99115641] : 0
C[98063326] : 0
C[51021068] : 0
C[43412170] : 0
C[53046358] : 0
C[5610598] : 0
C[52795070] : 0
C[60391160] : 0
C[81666068] : 0
C[61612014] : 0
C[90837483] : 0
C[86586300] : 0
C[19837860] : 0
C[36850921] : 0
C[30287727] : 0
C[54951753] : 0
C[16295654] : 0
C[59723822] : 0
C[26976214] : 0
C[71564199] : 0
C[5441031] : 0
C[20533478] : 0
C[47075588] : 0
C[46558395] : 0
C[51626430] : 0
C[85408590] : 0
C[29453734] : 0
C[45586390] : 0
C[36268669] : 0
C[97432944] : 0
C[27380168] : 0
C[87900662] : 0
C[95496270] : 0
C[30917589] : 0
C[83829184] : 0
C[48542628] : 0
C[36528187] : 0
C[36624255] : 0
C[61450140] : 0
C[18194255] : 0
C[50752621] : 0
C[52287624] : 0
C[57296907] : 0
C[70590481] : 0
C[89138545] : 0
C[40100986] : 0
C[78058587] : 0
C[5434199] : 0
C[99824809] : 0
C[5034801] : 0
C[29514751] : 0
C[57782192] : 0
C[25568280] : 0
C[29106691] : 0
C[4340587] : 0
C[29711062] : 0
C[14515282] : 0
Time elapsed : 0.375054 sec
