C[55197406] : 20000
C[65547936] : 20000
C[16669326] : 20000
C[81468674] : 20000
C[44070049] : 20000
C[27381022] : 20000
C[67432701] : 20000
C[90764029] : 20000
C[49288926] : 20000
C[7131578] : 20000
C[39124686] : 20000
C[75562954] : 20000
C[16398367] : 20000
C[53660092] : 20000
C[36579647] : 20000
C[82780627] : 20000
C[73451267] : 20000
C[45084824] : 20000
C[48032581] : 20000
C[79621213] : 20000
C[57631944] : 20000
C[80887389] : 20000
C[51940515] : 20000
C[32082638] : 20000
C[87808346] : 20000
C[18588378] : 20000
C[94110999] : 20000
C[80567149] : 20000
C[32021357] : 20000
C[75368146] : 20000
C[85654252] : 20000
C[39735115] : 20000
C[40916083] : 20000
C[2323578] : 20000
C[21203789] : 20000
C[37502484] : 20000
C[82220952] : 20000
C[41152842] : 20000
C[28266514] : 20000
C[31509879] : 20000
C[800772] : 20000
C[19907552] : 20000
C[59589185] : 20000
C[17199139] : 20000
C[73567645] : 20000
C[96168832] : 20000
C[99979767] : 20000
C[99535264] : 20000
C[93770008] : 20000
C[48012348] : 20000
C[31672829] : 20000
C[3918304] : 20000
C[81416089] : 20000
C[36129696] : 20000
C[36000942] : 20000
C[69224435] : 20000
C[54718075] : 20000
C[82628293] : 20000
C[2307936] : 20000
C[39255784] : 20000
C[57996440] : 20000
C[87962189] : 20000
C[31507251] : 20000
C[98912523] : 20000
C[42802119] : 20000
C[52711040] : 20000
C[36415007] : 20000
C[25023072] : 20000
C[46380235] : 20000
C[17197873] : 20000
C[9049303] : 20000
C[47181007] : 20000
C[89621778] : 20000
C[68638488] : 20000
C[64380147] : 20000
C[63189423] : 20000
C[17323672] : 20000
C[16876266] : 20000
C[62724687] : 20000
C[63610032] : 20000
C[17404966] : 20000
C[94397516] : 20000
C[67528336] : 20000
C[98821055] : 20000
C[30527212] : 20000
C[3529279] : 20000
C[20561843] : 20000
C[37761639] : 20000
C[38673924] : 20000
C[22869779] : 20000
C[29533775] : 20000
C[96670364] : 20000
C[63348320] : 20000
C[13557378] : 20000
C[48099239] : 20000
C[6150440] : 20000
C[66268419] : 20000
C[37030599] : 20000
C[83689864] : 20000
C[65165006] : 20000
Time elapsed : 168.291028 sec
