C[56369448] : 20000
C[13228509] : 20000
C[42373049] : 20000
C[88483923] : 20000
C[79093340] : 20000
C[96615444] : 20000
C[22228129] : 20000
C[75638471] : 20000
C[96951386] : 20000
C[31060900] : 20000
C[72709640] : 20000
C[4236295] : 20000
C[64406923] : 20000
C[29338298] : 20000
C[91933887] : 20000
C[24742861] : 20000
C[61379410] : 20000
C[14574646] : 20000
C[64881598] : 20000
C[97756219] : 20000
C[8249475] : 20000
C[15510421] : 20000
C[32224305] : 20000
C[1267416] : 20000
C[4130791] : 20000
C[68833676] : 20000
C[80680885] : 20000
C[31422175] : 20000
C[4970572] : 20000
C[24046707] : 20000
C[40906539] : 20000
C[61340020] : 20000
C[89791569] : 20000
C[83279588] : 20000
C[2340296] : 20000
C[68884909] : 20000
C[79895032] : 20000
C[24568425] : 20000
C[97039732] : 20000
C[29362770] : 20000
C[55629325] : 20000
C[69749372] : 20000
C[33599065] : 20000
C[72552601] : 20000
C[51604022] : 20000
C[78049304] : 20000
C[97295462] : 20000
C[12983432] : 20000
C[92623951] : 20000
C[62177060] : 20000
C[63256003] : 20000
C[53389778] : 20000
C[30203834] : 20000
C[47996660] : 20000
C[54657194] : 20000
C[34334625] : 20000
C[16830336] : 20000
C[35338079] : 20000
C[18273152] : 20000
C[21800909] : 20000
C[11901139] : 20000
C[59179692] : 20000
C[83140929] : 20000
C[1692708] : 20000
C[42459280] : 20000
C[85481225] : 20000
C[70577617] : 20000
C[74870665] : 20000
C[62566003] : 20000
C[20133701] : 20000
C[4233435] : 20000
C[18195328] : 20000
C[89883073] : 20000
C[90348853] : 20000
C[43264281] : 20000
C[94003447] : 20000
C[68398157] : 20000
C[40559744] : 20000
C[59503231] : 20000
C[61022108] : 20000
C[55253156] : 20000
C[22759234] : 20000
C[14411886] : 20000
C[85456990] : 20000
C[23272246] : 20000
C[21585432] : 20000
C[72307968] : 20000
C[40102582] : 20000
C[56923512] : 20000
C[90581120] : 20000
C[61903491] : 20000
C[21341003] : 20000
C[2277164] : 20000
C[97560773] : 20000
C[23033711] : 20000
C[44736445] : 20000
C[35558350] : 20000
C[46127680] : 20000
C[72123462] : 20000
C[98124353] : 20000
Time elapsed : 199.259444 sec
