C[32071678] : 0
C[41131646] : 0
C[14164404] : 0
C[86558977] : 0
C[18152486] : 0
C[45407893] : 0
C[21777769] : 0
C[92432918] : 0
C[7764727] : 0
C[82414050] : 0
C[63390136] : 0
C[78087008] : 0
C[79074597] : 0
C[34594472] : 0
C[35611046] : 0
C[59148383] : 0
C[74898356] : 0
C[89168939] : 0
C[24324171] : 0
C[31791682] : 0
C[89182224] : 0
C[99052255] : 0
C[67138833] : 0
C[44848133] : 0
C[26184802] : 0
C[33661391] : 0
C[30919304] : 0
C[82370923] : 0
C[84767080] : 0
C[39280768] : 0
C[5585766] : 0
C[69355110] : 0
C[32928766] : 0
C[72266523] : 0
C[8430439] : 0
C[51081252] : 0
C[17674416] : 0
C[30208209] : 0
C[43514170] : 0
C[77955496] : 0
C[12622259] : 0
C[59420658] : 0
C[8558856] : 0
C[44213208] : 0
C[94015131] : 0
C[44169902] : 0
C[3361592] : 0
C[68913487] : 0
C[85855193] : 0
C[80202115] : 0
C[53221521] : 0
C[75037417] : 0
C[31770722] : 0
C[20360355] : 0
C[72401902] : 0
C[10471876] : 0
C[6538098] : 0
C[55837558] : 0
C[92842800] : 0
C[43821530] : 0
C[47634678] : 0
C[50944918] : 0
C[13176641] : 0
C[80563444] : 0
C[23211441] : 0
C[21607080] : 0
C[84161048] : 0
C[93402210] : 0
C[4331641] : 0
C[80191570] : 0
C[71357706] : 0
C[16953901] : 0
C[39612229] : 0
C[32432914] : 0
C[61167109] : 0
C[33627360] : 0
C[76602816] : 0
C[17045053] : 0
C[55057199] : 0
C[62458009] : 0
C[49763521] : 0
C[8278721] : 0
C[90011778] : 0
C[81534243] : 0
C[28639076] : 0
C[14930032] : 0
C[92006120] : 0
C[35177174] : 0
C[23283943] : 0
C[37365272] : 0
C[31515056] : 0
C[23434973] : 0
C[88310190] : 0
C[44691697] : 0
C[56514770] : 0
C[11521632] : 0
C[18815130] : 0
C[40675818] : 0
C[57440194] : 0
C[23146771] : 0
Time elapsed : 0.373165 sec
