C[76641977] : 20000
C[97940017] : 20000
C[32645103] : 20000
C[71179355] : 20000
C[95130875] : 20000
C[18194039] : 20000
C[16936259] : 20000
C[34717594] : 20000
C[34209075] : 20000
C[10549674] : 20000
C[68835648] : 20000
C[67693535] : 20000
C[20232808] : 20000
C[25306799] : 20000
C[71944708] : 20000
C[68327380] : 20000
C[43211932] : 20000
C[24952756] : 20000
C[76466604] : 20000
C[34878067] : 20000
C[21213169] : 20000
C[79236889] : 20000
C[35269026] : 20000
C[35282296] : 20000
C[83830991] : 20000
C[29071980] : 20000
C[87098540] : 20000
C[14521525] : 20000
C[52775087] : 20000
C[69323906] : 20000
C[91159595] : 20000
C[29417064] : 20000
C[19780275] : 20000
C[23804698] : 20000
C[53112771] : 20000
C[14911150] : 20000
C[41998738] : 20000
C[70049031] : 20000
C[49628744] : 20000
C[28724165] : 20000
C[33115057] : 20000
C[70980744] : 20000
C[96417700] : 20000
C[5864217] : 20000
C[96287543] : 20000
C[20878760] : 20000
C[74191598] : 20000
C[39499476] : 20000
C[98347868] : 20000
C[3174554] : 20000
C[74377543] : 20000
C[19561038] : 20000
C[34927795] : 20000
C[62162921] : 20000
C[7359686] : 20000
C[18758786] : 20000
C[91234901] : 20000
C[46974578] : 20000
C[85796664] : 20000
C[44009989] : 20000
C[68814836] : 20000
C[76956259] : 20000
C[25943405] : 20000
C[88595112] : 20000
C[53277309] : 20000
C[79056177] : 20000
C[56022614] : 20000
C[47792399] : 20000
C[1621560] : 20000
C[58167711] : 20000
C[76516564] : 20000
C[87252969] : 20000
C[29148455] : 20000
C[25450617] : 20000
C[93117187] : 20000
C[25435999] : 20000
C[98845729] : 20000
C[19825137] : 20000
C[17451827] : 20000
C[97193598] : 20000
C[75516043] : 20000
C[44345722] : 20000
C[69270988] : 20000
C[10443838] : 20000
C[6508643] : 20000
C[76630674] : 20000
C[81718976] : 20000
C[97743544] : 20000
C[23605253] : 20000
C[20031992] : 20000
C[41753533] : 20000
C[44936441] : 20000
C[96988251] : 20000
C[20213291] : 20000
C[33531553] : 20000
C[2781913] : 20000
C[51785820] : 20000
C[89554168] : 20000
C[50574312] : 20000
C[5923732] : 20000
Time elapsed : 301.254904 sec
