C[4262273] : 0
C[64991671] : 0
C[22330522] : 0
C[59709986] : 0
C[62266590] : 0
C[25371218] : 0
C[53528379] : 0
C[99310431] : 0
C[941085] : 0
C[16536240] : 0
C[39222162] : 0
C[73865459] : 0
C[76466976] : 0
C[29410005] : 0
C[83922473] : 0
C[98363364] : 0
C[87117763] : 0
C[28688317] : 0
C[51986284] : 0
C[32123283] : 0
C[38867293] : 0
C[99906116] : 0
C[93184843] : 0
C[44976967] : 0
C[62327354] : 0
C[31078322] : 0
C[10607945] : 0
C[28048978] : 0
C[48418706] : 0
C[15602317] : 0
C[48442592] : 0
C[52680979] : 0
C[33110340] : 0
C[23289466] : 0
C[64907317] : 0
C[47893283] : 0
C[48660684] : 0
C[70952048] : 0
C[47203714] : 0
C[2118122] : 0
C[87488288] : 0
C[86425876] : 0
C[75983581] : 0
C[63955265] : 0
C[68352234] : 0
C[12422407] : 0
C[14834981] : 0
C[7986349] : 0
C[93627076] : 0
C[19337617] : 0
C[40109633] : 0
C[32494369] : 0
C[19243734] : 0
C[85810828] : 0
C[77471336] : 0
C[81571088] : 0
C[69405502] : 0
C[40595633] : 0
C[62136419] : 0
C[17824208] : 0
C[8714302] : 0
C[63095363] : 0
C[23021539] : 0
C[41824643] : 0
C[86384830] : 0
C[40445208] : 0
C[89717926] : 0
C[87561866] : 0
C[11397257] : 0
C[89437992] : 0
C[89679988] : 0
C[98885545] : 0
C[28380220] : 0
C[18179922] : 0
C[15357162] : 0
C[96732454] : 0
C[30602329] : 0
C[82708495] : 0
C[4718804] : 0
C[24229405] : 0
C[2046113] : 0
C[97344789] : 0
C[9240126] : 0
C[73806199] : 0
C[35671969] : 0
C[86711462] : 0
C[55377287] : 0
C[5077471] : 0
C[79823447] : 0
C[70030058] : 0
C[75418032] : 0
C[88537749] : 0
C[33125422] : 0
C[50955923] : 0
C[82878744] : 0
C[72026604] : 0
C[91401132] : 0
C[25113022] : 0
C[59588470] : 0
C[55314741] : 0
Time elapsed : 0.375930 sec
