C[24377748] : 0
C[77835645] : 0
C[26991197] : 0
C[16508507] : 0
C[81658582] : 0
C[36618281] : 0
C[940774] : 0
C[4625500] : 0
C[1727828] : 0
C[66035491] : 0
C[85487692] : 0
C[3674025] : 0
C[52307432] : 0
C[57081534] : 0
C[30435454] : 0
C[40145934] : 0
C[61138823] : 0
C[35334374] : 0
C[62624144] : 0
C[38059072] : 0
C[92194132] : 0
C[10831202] : 0
C[38522875] : 0
C[85100441] : 0
C[40287988] : 0
C[35374063] : 0
C[35414199] : 0
C[27164855] : 0
C[75347545] : 0
C[74407639] : 0
C[63104344] : 0
C[52241645] : 0
C[4759637] : 0
C[90095541] : 0
C[68750153] : 0
C[38934571] : 0
C[79230175] : 0
C[69690927] : 0
C[43560071] : 0
C[33474355] : 0
C[88242770] : 0
C[29047764] : 0
C[37148380] : 0
C[40550202] : 0
C[38645650] : 0
C[67583835] : 0
C[33212489] : 0
C[52300825] : 0
C[2918209] : 0
C[95836633] : 0
C[90359897] : 0
C[47628693] : 0
C[59184187] : 0
C[81399124] : 0
C[32729134] : 0
C[99472176] : 0
C[69289540] : 0
C[20659685] : 0
C[26637031] : 0
C[44637085] : 0
C[47583677] : 0
C[89741375] : 0
C[96878730] : 0
C[52343314] : 0
C[32353269] : 0
C[18145235] : 0
C[91277885] : 0
C[11583444] : 0
C[40352514] : 0
C[87354308] : 0
C[45057799] : 0
C[28595284] : 0
C[68918424] : 0
C[82206180] : 0
C[21661839] : 0
C[7564074] : 0
C[2306367] : 0
C[54874328] : 0
C[59864899] : 0
C[5224576] : 0
C[3227313] : 0
C[2741149] : 0
C[5369621] : 0
C[62411500] : 0
C[36656625] : 0
C[38098755] : 0
C[61883676] : 0
C[5946165] : 0
C[11274792] : 0
C[41037060] : 0
C[50583250] : 0
C[11374821] : 0
C[83294787] : 0
C[99978333] : 0
C[16234487] : 0
C[15648056] : 0
C[18123568] : 0
C[60028724] : 0
C[79747852] : 0
C[58476083] : 0
Time elapsed : 0.375884 sec
