C[51400112] : 0
C[46960221] : 0
C[68189913] : 0
C[37316342] : 0
C[7134395] : 0
C[8347957] : 0
C[45802479] : 0
C[83971936] : 0
C[43644818] : 0
C[4316407] : 0
C[17192110] : 0
C[31205420] : 0
C[25159462] : 0
C[53311573] : 0
C[14878233] : 0
C[94043349] : 0
C[71579217] : 0
C[5725942] : 0
C[54331101] : 0
C[99289797] : 0
C[64061779] : 0
C[49899884] : 0
C[27803754] : 0
C[56467742] : 0
C[36871284] : 0
C[68872771] : 0
C[23531243] : 0
C[70809276] : 0
C[4511976] : 0
C[89613216] : 0
C[61100587] : 0
C[8428441] : 0
C[36573437] : 0
C[29290500] : 0
C[98261135] : 0
C[43707832] : 0
C[90154809] : 0
C[44063614] : 0
C[80196120] : 0
C[33799627] : 0
C[896374] : 0
C[97388230] : 0
C[17521400] : 0
C[26055836] : 0
C[50699803] : 0
C[32399633] : 0
C[20099185] : 0
C[74795373] : 0
C[90641927] : 0
C[26946638] : 0
C[26601522] : 0
C[54703707] : 0
C[76846522] : 0
C[6921628] : 0
C[11171449] : 0
C[13717806] : 0
C[75794400] : 0
C[34702692] : 0
C[37043435] : 0
C[80306376] : 0
C[76832260] : 0
C[50660374] : 0
C[41251169] : 0
C[65922049] : 0
C[79950874] : 0
C[39512304] : 0
C[62146233] : 0
C[70105684] : 0
C[83575919] : 0
C[42342353] : 0
C[56421663] : 0
C[84472293] : 0
C[39730584] : 0
C[73943063] : 0
C[10528129] : 0
C[42946739] : 0
C[58859048] : 0
C[83143666] : 0
C[70258464] : 0
C[49500976] : 0
C[62606657] : 0
C[96859986] : 0
C[4204683] : 0
C[91969531] : 0
C[3781615] : 0
C[67892484] : 0
C[58203690] : 0
C[79576015] : 0
C[55111529] : 0
C[47763477] : 0
C[12398743] : 0
C[84460141] : 0
C[98423851] : 0
C[53649913] : 0
C[50382191] : 0
C[30891077] : 0
C[45678569] : 0
C[12528424] : 0
C[53513113] : 0
C[81770840] : 0
Time elapsed : 0.375580 sec
