C[97128933] : 0
C[3111010] : 0
C[80042947] : 0
C[14770620] : 0
C[31664801] : 0
C[16266168] : 0
C[64006773] : 0
C[21604907] : 0
C[41579957] : 0
C[10654147] : 0
C[40261372] : 0
C[68429859] : 0
C[63830520] : 0
C[4886977] : 0
C[79829360] : 0
C[63529285] : 0
C[52708541] : 0
C[524792] : 0
C[60161361] : 0
C[52411124] : 0
C[6656064] : 0
C[20486847] : 0
C[44637210] : 0
C[52088654] : 0
C[4491209] : 0
C[66905809] : 0
C[17493605] : 0
C[12587921] : 0
C[40818439] : 0
C[76679291] : 0
C[95379511] : 0
C[90463724] : 0
C[79790302] : 0
C[75422458] : 0
C[5234344] : 0
C[63971455] : 0
C[44204979] : 0
C[69241117] : 0
C[38092715] : 0
C[85784936] : 0
C[32411617] : 0
C[78354087] : 0
C[54214796] : 0
C[96242137] : 0
C[83241064] : 0
C[86560508] : 0
C[12287774] : 0
C[88465957] : 0
C[87085301] : 0
C[24965487] : 0
C[40877081] : 0
C[46257717] : 0
C[45452335] : 0
C[38030644] : 0
C[98346371] : 0
C[2459896] : 0
C[57452805] : 0
C[68356328] : 0
C[67564169] : 0
C[98271244] : 0
C[45035619] : 0
C[62943680] : 0
C[41251321] : 0
C[77342273] : 0
C[38366138] : 0
C[46485665] : 0
C[41313729] : 0
C[82571117] : 0
C[68243135] : 0
C[79406444] : 0
C[20872406] : 0
C[654752] : 0
C[10276883] : 0
C[75087202] : 0
C[49413241] : 0
C[46034299] : 0
C[14164062] : 0
C[61701015] : 0
C[34500256] : 0
C[1249363] : 0
C[39182854] : 0
C[27893689] : 0
C[47507080] : 0
C[84635189] : 0
C[65924333] : 0
C[98369803] : 0
C[39611437] : 0
C[75893491] : 0
C[19242483] : 0
C[7175606] : 0
C[26681087] : 0
C[64278103] : 0
C[22635638] : 0
C[67932408] : 0
C[94136728] : 0
C[13518129] : 0
C[14418074] : 0
C[35450457] : 0
C[96089246] : 0
C[35177561] : 0
Time elapsed : 0.374977 sec
