C[50495501] : 0
C[61097073] : 0
C[3340206] : 0
C[77589443] : 0
C[1969903] : 0
C[59379415] : 0
C[1346100] : 0
C[60778203] : 0
C[6018026] : 0
C[43532716] : 0
C[95362888] : 0
C[31684627] : 0
C[95218283] : 0
C[52493658] : 0
C[97087288] : 0
C[58960660] : 0
C[5500255] : 0
C[8573322] : 0
C[54269372] : 0
C[39343547] : 0
C[17767540] : 0
C[1181685] : 0
C[34433824] : 0
C[82012411] : 0
C[28005657] : 0
C[87227980] : 0
C[24513242] : 0
C[8652304] : 0
C[54713988] : 0
C[36404990] : 0
C[25951260] : 0
C[57725841] : 0
C[50018415] : 0
C[81807819] : 0
C[35315284] : 0
C[4504671] : 0
C[41187234] : 0
C[89177736] : 0
C[17799226] : 0
C[47205260] : 0
C[85226804] : 0
C[13162115] : 0
C[78889887] : 0
C[80445088] : 0
C[65655773] : 0
C[28493527] : 0
C[39405748] : 0
C[71156028] : 0
C[37066850] : 0
C[93675120] : 0
C[63015927] : 0
C[54834390] : 0
C[47373157] : 0
C[97449751] : 0
C[89363154] : 0
C[27895166] : 0
C[84677732] : 0
C[13876396] : 0
C[36547470] : 0
C[91908072] : 0
C[2797738] : 0
C[15015083] : 0
C[49633913] : 0
C[5332506] : 0
C[96822902] : 0
C[37465549] : 0
C[9837177] : 0
C[90526488] : 0
C[26643285] : 0
C[27636403] : 0
C[37731748] : 0
C[64386441] : 0
C[93314870] : 0
C[69137988] : 0
C[44831529] : 0
C[58970644] : 0
C[97631515] : 0
C[84237277] : 0
C[82643024] : 0
C[87214717] : 0
C[30428749] : 0
C[45658952] : 0
C[94565460] : 0
C[30318259] : 0
C[43108703] : 0
C[83928614] : 0
C[58213425] : 0
C[80302787] : 0
C[50321362] : 0
C[94760896] : 0
C[72210859] : 0
C[53119101] : 0
C[9775979] : 0
C[21844772] : 0
C[10967959] : 0
C[59115233] : 0
C[11826673] : 0
C[20805136] : 0
C[49641721] : 0
C[38469958] : 0
Time elapsed : 0.375481 sec
