C[58764854] : 20000
C[37564370] : 20000
C[59351288] : 20000
C[69210231] : 20000
C[65441799] : 20000
C[98632981] : 20000
C[65590513] : 20000
C[27718952] : 20000
C[52058702] : 20000
C[80914335] : 20000
C[51916683] : 20000
C[15574371] : 20000
C[69221588] : 20000
C[45291283] : 20000
C[76522528] : 20000
C[94554773] : 20000
C[74222642] : 20000
C[22117557] : 20000
C[72370275] : 20000
C[76006570] : 20000
C[32144462] : 20000
C[9331315] : 20000
C[30337822] : 20000
C[32327292] : 20000
C[3311465] : 20000
C[19033992] : 20000
C[15475667] : 20000
C[12537995] : 20000
C[79706891] : 20000
C[67430438] : 20000
C[559762] : 20000
C[38471746] : 20000
C[4994808] : 20000
C[59911051] : 20000
C[60198329] : 20000
C[22952960] : 20000
C[58544032] : 20000
C[78305194] : 20000
C[50671912] : 20000
C[63119087] : 20000
C[59219530] : 20000
C[55104947] : 20000
C[78693458] : 20000
C[80957470] : 20000
C[52912583] : 20000
C[55215986] : 20000
C[28028596] : 20000
C[27135225] : 20000
C[77333544] : 20000
C[398871] : 20000
C[55658147] : 20000
C[61994358] : 20000
C[62246538] : 20000
C[85995970] : 20000
C[94321650] : 20000
C[65558003] : 20000
C[57546314] : 20000
C[9797318] : 20000
C[30612351] : 20000
C[37253206] : 20000
C[29744108] : 20000
C[31172113] : 20000
C[28241304] : 20000
C[87255268] : 20000
C[91083164] : 20000
C[40955985] : 20000
C[10208228] : 20000
C[2143549] : 20000
C[19261180] : 20000
C[13396493] : 20000
C[65262636] : 20000
C[30997062] : 20000
C[68501440] : 20000
C[96472446] : 20000
C[11954532] : 20000
C[21414023] : 20000
C[51688432] : 20000
C[39983128] : 20000
C[1065601] : 20000
C[81538328] : 20000
C[92898352] : 20000
C[56723748] : 20000
C[43532686] : 20000
C[7661242] : 20000
C[95236070] : 20000
C[90370689] : 20000
C[25735598] : 20000
C[5298737] : 20000
C[52684359] : 20000
C[56347949] : 20000
C[42551943] : 20000
C[82428467] : 20000
C[40036414] : 20000
C[23309599] : 20000
C[22200087] : 20000
C[31119579] : 20000
C[64265584] : 20000
C[84924668] : 20000
C[85779480] : 20000
C[36043116] : 20000
Time elapsed : 180.353622 sec
