C[95791828] : 0
C[62970115] : 0
C[72029905] : 0
C[27484279] : 0
C[50026489] : 0
C[92354293] : 0
C[8825332] : 0
C[46134422] : 0
C[93239198] : 0
C[11098448] : 0
C[63387873] : 0
C[55409239] : 0
C[60298044] : 0
C[43355549] : 0
C[79973077] : 0
C[83033562] : 0
C[80388608] : 0
C[3371613] : 0
C[24736782] : 0
C[29607907] : 0
C[25318499] : 0
C[65172550] : 0
C[34053395] : 0
C[56003092] : 0
C[50125960] : 0
C[7904039] : 0
C[72773590] : 0
C[26005050] : 0
C[6309316] : 0
C[46000325] : 0
C[21316358] : 0
C[54617496] : 0
C[61486792] : 0
C[45862616] : 0
C[82101775] : 0
C[11513281] : 0
C[38216909] : 0
C[90927108] : 0
C[10164055] : 0
C[83972459] : 0
C[2025556] : 0
C[26068281] : 0
C[91898050] : 0
C[14839953] : 0
C[69423830] : 0
C[71871128] : 0
C[97873515] : 0
C[2328790] : 0
C[27759093] : 0
C[75126650] : 0
C[84453049] : 0
C[53077592] : 0
C[40299200] : 0
C[71022797] : 0
C[61597036] : 0
C[42941512] : 0
C[31443188] : 0
C[34370626] : 0
C[68946562] : 0
C[37752504] : 0
C[32887303] : 0
C[42779273] : 0
C[92370000] : 0
C[94374095] : 0
C[41158241] : 0
C[74471775] : 0
C[58403728] : 0
C[31891502] : 0
C[17915235] : 0
C[68567784] : 0
C[15863961] : 0
C[19940792] : 0
C[94636065] : 0
C[7762012] : 0
C[87297097] : 0
C[16576247] : 0
C[32149492] : 0
C[85170612] : 0
C[18905037] : 0
C[59908585] : 0
C[60297262] : 0
C[55874438] : 0
C[65502529] : 0
C[53112814] : 0
C[26897235] : 0
C[79615917] : 0
C[96054327] : 0
C[58340423] : 0
C[66502896] : 0
C[17517241] : 0
C[96092927] : 0
C[99390199] : 0
C[12812866] : 0
C[40979279] : 0
C[46280647] : 0
C[53971107] : 0
C[15451055] : 0
C[4684375] : 0
C[85862609] : 0
C[33366290] : 0
Time elapsed : 0.376579 sec
