C[82876911] : 0
C[64305886] : 0
C[34304707] : 0
C[76551701] : 0
C[66558545] : 0
C[8359326] : 0
C[51142055] : 0
C[22629809] : 0
C[7577217] : 0
C[16566754] : 0
C[58053710] : 0
C[41471923] : 0
C[83919543] : 0
C[71232858] : 0
C[43169018] : 0
C[19302413] : 0
C[25613837] : 0
C[39980918] : 0
C[67926020] : 0
C[67771110] : 0
C[89292504] : 0
C[44901893] : 0
C[84546128] : 0
C[81165935] : 0
C[83774035] : 0
C[49635426] : 0
C[6042756] : 0
C[33527791] : 0
C[47439164] : 0
C[23898958] : 0
C[80109768] : 0
C[30316075] : 0
C[40721197] : 0
C[14414475] : 0
C[6867777] : 0
C[7279742] : 0
C[22773801] : 0
C[10526184] : 0
C[29909551] : 0
C[82867371] : 0
C[79609290] : 0
C[40479614] : 0
C[24339294] : 0
C[63528833] : 0
C[11712472] : 0
C[20024664] : 0
C[82831246] : 0
C[37326309] : 0
C[60005583] : 0
C[3273619] : 0
C[57613771] : 0
C[49298087] : 0
C[48175512] : 0
C[94676251] : 0
C[82980374] : 0
C[84465900] : 0
C[44311678] : 0
C[41539483] : 0
C[17993691] : 0
C[44267194] : 0
C[65438441] : 0
C[50619811] : 0
C[27099621] : 0
C[6159638] : 0
C[65034287] : 0
C[86483750] : 0
C[65955732] : 0
C[40324440] : 0
C[49526286] : 0
C[48381636] : 0
C[75708163] : 0
C[29135576] : 0
C[88861250] : 0
C[47457] : 0
C[92664410] : 0
C[573722] : 0
C[20072122] : 0
C[28012008] : 0
C[90416383] : 0
C[32594057] : 0
C[31285627] : 0
C[546507] : 0
C[81892144] : 0
C[31977492] : 0
C[95222758] : 0
C[17388870] : 0
C[16443392] : 0
C[92050788] : 0
C[58928353] : 0
C[86953435] : 0
C[88834334] : 0
C[76883147] : 0
C[37573247] : 0
C[15933956] : 0
C[35559137] : 0
C[55123886] : 0
C[54934058] : 0
C[1514870] : 0
C[95448326] : 0
C[4460345] : 0
Time elapsed : 0.376640 sec
