C[22726929] : 20000
C[18201891] : 20000
C[45946490] : 20000
C[34629817] : 20000
C[33859067] : 20000
C[56942611] : 20000
C[5210196] : 20000
C[61515422] : 20000
C[18467212] : 20000
C[59707080] : 20000
C[24842381] : 20000
C[76537857] : 20000
C[58120581] : 20000
C[70891654] : 20000
C[75274673] : 20000
C[84829019] : 20000
C[38887174] : 20000
C[21972400] : 20000
C[70706319] : 20000
C[839725] : 20000
C[50952768] : 20000
C[54503192] : 20000
C[17475011] : 20000
C[80696136] : 20000
C[94109720] : 20000
C[59572548] : 20000
C[65847233] : 20000
C[54734331] : 20000
C[64521586] : 20000
C[19378531] : 20000
C[9044804] : 20000
C[87248515] : 20000
C[90096774] : 20000
C[7507646] : 20000
C[74394685] : 20000
C[23955842] : 20000
C[64450257] : 20000
C[32121233] : 20000
C[37987616] : 20000
C[35433821] : 20000
C[91828313] : 20000
C[15346349] : 20000
C[11971679] : 20000
C[2465247] : 20000
C[86238003] : 20000
C[39762704] : 20000
C[87294266] : 20000
C[77641529] : 20000
C[61735105] : 20000
C[58000585] : 20000
C[30997606] : 20000
C[65204225] : 20000
C[65020129] : 20000
C[48472618] : 20000
C[45900361] : 20000
C[59129849] : 20000
C[60561518] : 20000
C[64263946] : 20000
C[66380533] : 20000
C[25083104] : 20000
C[83642478] : 20000
C[75425337] : 20000
C[64847972] : 20000
C[73739252] : 20000
C[82932983] : 20000
C[39242657] : 20000
C[50211446] : 20000
C[99899593] : 20000
C[71363890] : 20000
C[88199063] : 20000
C[87849766] : 20000
C[15708556] : 20000
C[3545412] : 20000
C[99821445] : 20000
C[70690155] : 20000
C[42299768] : 20000
C[92100502] : 20000
C[57984421] : 20000
C[19941297] : 20000
C[6351959] : 20000
C[68501358] : 20000
C[50938904] : 20000
C[71556184] : 20000
C[33521488] : 20000
C[51927874] : 20000
C[69972897] : 20000
C[92651337] : 20000
C[12489392] : 20000
C[34236843] : 20000
C[11548222] : 20000
C[90088848] : 20000
C[70395673] : 20000
C[86973559] : 20000
C[54936820] : 20000
C[96651278] : 20000
C[22422895] : 20000
C[46695829] : 20000
C[46862724] : 20000
C[74838840] : 20000
C[70576072] : 20000
Time elapsed : 686.603579 sec
