CL_DEVICE_LOCAL_MEM_SIZE : 32768
__kernel void matrixmul(__global float* C, __global float* A, __global float* B, int wA, int wB) {
    int i = get_global_id(0);
    int j = get_global_id(1);
    //printf("%d %d\n", i, j);
    int k;
    float acc = 0.f;
    for (k = 0; k < wA; ++k) {
        acc += A[j * wA + k] * B[k * wB + i];
    }
    C[j * wB + i] = acc;
};

C[8300953] : 8192
C[4163760] : 8192
C[13380977] : 8192
C[10224070] : 8192
C[4871324] : 8192
C[11056072] : 8192
C[4976299] : 8192
C[9546527] : 8192
C[8868796] : 8192
C[16661371] : 8192
C[723656] : 8192
C[14325832] : 8192
C[16295586] : 8192
C[2420566] : 8192
C[3901022] : 8192
C[13710800] : 8192
C[93324] : 8192
C[7498820] : 8192
C[11960507] : 8192
C[1969379] : 8192
C[6619413] : 8192
C[11365312] : 8192
C[9047319] : 8192
C[2830848] : 8192
C[6813534] : 8192
C[1229870] : 8192
C[3110646] : 8192
C[6670870] : 8192
C[2924022] : 8192
C[5129426] : 8192
C[467364] : 8192
C[11224975] : 8192
C[9293186] : 8192
C[13848342] : 8192
C[4671829] : 8192
C[14164510] : 8192
C[8127198] : 8192
C[9648128] : 8192
C[6933821] : 8192
C[218778] : 8192
C[9532284] : 8192
C[7657477] : 8192
C[14544610] : 8192
C[9050654] : 8192
C[10078043] : 8192
C[1668417] : 8192
C[5984238] : 8192
C[10171367] : 8192
C[9167237] : 8192
C[1167529] : 8192
C[12140747] : 8192
C[15786650] : 8192
C[12532841] : 8192
C[4410850] : 8192
C[1840282] : 8192
C[2569160] : 8192
C[5640720] : 8192
C[4950929] : 8192
C[9240030] : 8192
C[8564742] : 8192
C[10080355] : 8192
C[9707395] : 8192
C[3012501] : 8192
C[2596325] : 8192
C[6778521] : 8192
C[7684331] : 8192
C[16760835] : 8192
C[14905719] : 8192
C[555243] : 8192
C[6917440] : 8192
C[15124498] : 8192
C[10087527] : 8192
C[14574917] : 8192
C[12891892] : 8192
C[2360965] : 8192
C[7875744] : 8192
C[14560309] : 8192
C[8345204] : 8192
C[1269895] : 8192
C[6950330] : 8192
C[9512733] : 8192
C[13410642] : 8192
C[5959764] : 8192
C[5268359] : 8192
C[1044277] : 8192
C[7800047] : 8192
C[7837519] : 8192
C[6684997] : 8192
C[12750976] : 8192
C[300333] : 8192
C[15249740] : 8192
C[6054115] : 8192
C[10007728] : 8192
C[1485025] : 8192
C[8650440] : 8192
C[9033] : 8192
C[9169356] : 8192
C[8634059] : 8192
C[14914753] : 8192
C[9724600] : 8192
Time elapsed : 1.473884 sec
