C[43881038] : 20000
C[15189200] : 20000
C[5245082] : 20000
C[78075467] : 20000
C[36633149] : 20000
C[31701630] : 20000
C[46900991] : 20000
C[29121983] : 20000
C[23692009] : 20000
C[97648360] : 20000
C[26408219] : 20000
C[95095483] : 20000
C[6733703] : 20000
C[2290272] : 20000
C[46713780] : 20000
C[6279642] : 20000
C[36879306] : 20000
C[40031343] : 20000
C[54915146] : 20000
C[63584312] : 20000
C[77907948] : 20000
C[92924616] : 20000
C[44340631] : 20000
C[21719568] : 20000
C[97021787] : 20000
C[1502727] : 20000
C[38178378] : 20000
C[25322186] : 20000
C[47719042] : 20000
C[72714883] : 20000
C[73976567] : 20000
C[91600081] : 20000
C[87904083] : 20000
C[31738002] : 20000
C[22191900] : 20000
C[24537232] : 20000
C[63439632] : 20000
C[21609243] : 20000
C[6175568] : 20000
C[87131641] : 20000
C[19257603] : 20000
C[85100139] : 20000
C[34743476] : 20000
C[25991306] : 20000
C[87390411] : 20000
C[81457257] : 20000
C[84787300] : 20000
C[76786070] : 20000
C[74004952] : 20000
C[92218798] : 20000
C[40370382] : 20000
C[4429252] : 20000
C[37659767] : 20000
C[37227365] : 20000
C[26148820] : 20000
C[34681554] : 20000
C[91246444] : 20000
C[64327199] : 20000
C[12520092] : 20000
C[38965486] : 20000
C[89558434] : 20000
C[39013012] : 20000
C[83081919] : 20000
C[77462517] : 20000
C[70751014] : 20000
C[57790171] : 20000
C[54516101] : 20000
C[34190646] : 20000
C[79399414] : 20000
C[60691669] : 20000
C[21322288] : 20000
C[98657018] : 20000
C[45791809] : 20000
C[56065764] : 20000
C[77164676] : 20000
C[85698572] : 20000
C[90039373] : 20000
C[14468329] : 20000
C[15000994] : 20000
C[16560677] : 20000
C[6687127] : 20000
C[55371376] : 20000
C[20989929] : 20000
C[44346894] : 20000
C[45115093] : 20000
C[47138750] : 20000
C[31544801] : 20000
C[88877889] : 20000
C[63982301] : 20000
C[44064893] : 20000
C[27843376] : 20000
C[53540735] : 20000
C[83077905] : 20000
C[63441647] : 20000
C[83519604] : 20000
C[53828919] : 20000
C[21231819] : 20000
C[38035705] : 20000
C[40535918] : 20000
C[631233] : 20000
Time elapsed : 18.886341 sec
