mpirun: killing job...

--------------------------------------------------------------------------
WARNING: A process refused to die!

Host: c45
PID:  16284

This process may still be running and/or consuming resources.

--------------------------------------------------------------------------
