mpirun: killing job...

--------------------------------------------------------------------------
WARNING: A process refused to die!

Host: c46
PID:  4235

This process may still be running and/or consuming resources.

--------------------------------------------------------------------------
