C[94612863] : 20000
C[95536122] : 20000
C[92183738] : 20000
C[36399396] : 20000
C[10013371] : 20000
C[67811041] : 20000
C[23428376] : 20000
C[76456967] : 20000
C[62129054] : 20000
C[42407420] : 20000
C[48855930] : 20000
C[50960179] : 20000
C[46227956] : 20000
C[48547297] : 20000
C[64977259] : 20000
C[91392404] : 20000
C[84128526] : 20000
C[3354630] : 20000
C[67252880] : 20000
C[71613494] : 20000
C[45001832] : 20000
C[48730184] : 20000
C[47883768] : 20000
C[82498567] : 20000
C[20198718] : 20000
C[95761872] : 20000
C[2782797] : 20000
C[16176515] : 20000
C[57062185] : 20000
C[53704310] : 20000
C[37522019] : 20000
C[4191400] : 20000
C[49240433] : 20000
C[29705758] : 20000
C[40590797] : 20000
C[59253804] : 20000
C[97516799] : 20000
C[16535525] : 20000
C[88227124] : 20000
C[12162205] : 20000
C[58942945] : 20000
C[89599406] : 20000
C[63122385] : 20000
C[5170901] : 20000
C[38146704] : 20000
C[80615996] : 20000
C[49079657] : 20000
C[22275230] : 20000
C[83970626] : 20000
C[68848889] : 20000
C[46405077] : 20000
C[81488811] : 20000
C[17579073] : 20000
C[46805197] : 20000
C[16503730] : 20000
C[90294144] : 20000
C[42567070] : 20000
C[19286527] : 20000
C[58987011] : 20000
C[52145607] : 20000
C[25507190] : 20000
C[96509030] : 20000
C[56337008] : 20000
C[27263975] : 20000
C[78731140] : 20000
C[49444157] : 20000
C[39034131] : 20000
C[28764292] : 20000
C[65979682] : 20000
C[27261255] : 20000
C[93442849] : 20000
C[24922627] : 20000
C[69377014] : 20000
C[9081586] : 20000
C[82609880] : 20000
C[7523718] : 20000
C[89697583] : 20000
C[84205890] : 20000
C[82315300] : 20000
C[26184561] : 20000
C[53054779] : 20000
C[28720377] : 20000
C[7673372] : 20000
C[23150205] : 20000
C[75525575] : 20000
C[24177102] : 20000
C[13444349] : 20000
C[70608997] : 20000
C[95979982] : 20000
C[24947712] : 20000
C[22754604] : 20000
C[74003524] : 20000
C[21456742] : 20000
C[79091612] : 20000
C[1267499] : 20000
C[52704235] : 20000
C[28535769] : 20000
C[92817982] : 20000
C[33984879] : 20000
C[47031803] : 20000
Time elapsed : 44.358043 sec
