mpirun: killing job...

--------------------------------------------------------------------------
WARNING: A process refused to die!

Host: c44
PID:  6556

This process may still be running and/or consuming resources.

--------------------------------------------------------------------------
