C[46010991] : 20000
C[24113832] : 20000
C[47758393] : 20000
C[10661580] : 20000
C[95147056] : 20000
C[29475360] : 20000
C[18164468] : 20000
C[55739799] : 20000
C[69021715] : 20000
C[36783400] : 20000
C[13208793] : 20000
C[30540515] : 20000
C[34086633] : 20000
C[52792448] : 20000
C[62745601] : 20000
C[71039087] : 20000
C[46350700] : 20000
C[75172033] : 20000
C[33449794] : 20000
C[27071628] : 20000
C[67399319] : 20000
C[98734375] : 20000
C[27770316] : 20000
C[70520145] : 20000
C[7296639] : 20000
C[4789135] : 20000
C[99220258] : 20000
C[235459] : 20000
C[42306593] : 20000
C[35774718] : 20000
C[35359681] : 20000
C[40833937] : 20000
C[59888550] : 20000
C[35634426] : 20000
C[51495517] : 20000
C[55035607] : 20000
C[17626139] : 20000
C[22176337] : 20000
C[10775406] : 20000
C[86647854] : 20000
C[58959738] : 20000
C[23984199] : 20000
C[69704721] : 20000
C[45562723] : 20000
C[29292999] : 20000
C[32450323] : 20000
C[16601810] : 20000
C[75643699] : 20000
C[7622356] : 20000
C[2567957] : 20000
C[55231679] : 20000
C[27538027] : 20000
C[1302332] : 20000
C[35518348] : 20000
C[98058172] : 20000
C[61115323] : 20000
C[92823835] : 20000
C[49794782] : 20000
C[61350783] : 20000
C[87646781] : 20000
C[85569501] : 20000
C[49226816] : 20000
C[28480718] : 20000
C[97974403] : 20000
C[84861242] : 20000
C[32492587] : 20000
C[53010010] : 20000
C[55003733] : 20000
C[54668925] : 20000
C[16301768] : 20000
C[41651587] : 20000
C[66145015] : 20000
C[92802319] : 20000
C[63872661] : 20000
C[11707738] : 20000
C[22095319] : 20000
C[96322984] : 20000
C[28309548] : 20000
C[50255370] : 20000
C[56461692] : 20000
C[83393857] : 20000
C[58003402] : 20000
C[83999719] : 20000
C[84696190] : 20000
C[46038102] : 20000
C[34574243] : 20000
C[45811513] : 20000
C[38861937] : 20000
C[84369025] : 20000
C[59678648] : 20000
C[26508718] : 20000
C[22454878] : 20000
C[61421816] : 20000
C[7505788] : 20000
C[20429282] : 20000
C[46283059] : 20000
C[39998376] : 20000
C[25955644] : 20000
C[53803144] : 20000
C[47183653] : 20000
Time elapsed : 18.564973 sec
