mpirun: killing job...

--------------------------------------------------------------------------
WARNING: A process refused to die!

Host: c38
PID:  1265

This process may still be running and/or consuming resources.

--------------------------------------------------------------------------
