mpirun: killing job...

--------------------------------------------------------------------------
WARNING: A process refused to die!

Host: c32
PID:  16092

This process may still be running and/or consuming resources.

--------------------------------------------------------------------------
