C[68633822] : 20000
C[81966628] : 20000
C[35874152] : 20000
C[82779752] : 20000
C[71474711] : 20000
C[66292376] : 20000
C[81315197] : 20000
C[29315567] : 20000
C[3418656] : 20000
C[25003153] : 20000
C[45212968] : 20000
C[31460686] : 20000
C[72213882] : 20000
C[12758104] : 20000
C[75762754] : 20000
C[79272306] : 20000
C[71055389] : 20000
C[51433381] : 20000
C[37273992] : 20000
C[63601945] : 20000
C[19317892] : 20000
C[71631665] : 20000
C[49108852] : 20000
C[82081006] : 20000
C[88908665] : 20000
C[39273835] : 20000
C[75254881] : 20000
C[31469496] : 20000
C[14436604] : 20000
C[18689679] : 20000
C[30853471] : 20000
C[83070426] : 20000
C[656307] : 20000
C[66727623] : 20000
C[18366530] : 20000
C[24647370] : 20000
C[85536351] : 20000
C[99681727] : 20000
C[53962937] : 20000
C[88955007] : 20000
C[77201233] : 20000
C[51692257] : 20000
C[72932046] : 20000
C[49415115] : 20000
C[16966713] : 20000
C[48694800] : 20000
C[81203773] : 20000
C[88022102] : 20000
C[128182] : 20000
C[18477765] : 20000
C[4140400] : 20000
C[71962426] : 20000
C[42625782] : 20000
C[5765604] : 20000
C[6559784] : 20000
C[31534447] : 20000
C[45039440] : 20000
C[81814665] : 20000
C[15520295] : 20000
C[59476044] : 20000
C[504345] : 20000
C[46373766] : 20000
C[42546471] : 20000
C[53677004] : 20000
C[65617741] : 20000
C[13429353] : 20000
C[78324375] : 20000
C[3670445] : 20000
C[13111081] : 20000
C[84803664] : 20000
C[45141804] : 20000
C[42828666] : 20000
C[89012274] : 20000
C[18073850] : 20000
C[92243781] : 20000
C[5978987] : 20000
C[19285003] : 20000
C[73447554] : 20000
C[46517442] : 20000
C[71929537] : 20000
C[91925319] : 20000
C[3174194] : 20000
C[43891963] : 20000
C[87067453] : 20000
C[8939798] : 20000
C[50451748] : 20000
C[18601900] : 20000
C[53979238] : 20000
C[32266413] : 20000
C[34122195] : 20000
C[65971635] : 20000
C[85287110] : 20000
C[33012314] : 20000
C[61034458] : 20000
C[38964115] : 20000
C[51146407] : 20000
C[74463811] : 20000
C[69804842] : 20000
C[54816852] : 20000
C[40091244] : 20000
Time elapsed : 33.636410 sec
