C[91336414] : -9223372036854775808
C[29514616] : 0
C[7206927] : 20000
C[32484199] : 8720
C[41402705] : 19488
C[18352901] : -9223372036854775808
C[70493115] : 1310720000
C[36115914] : 20004
C[69163374] : 20000
C[21308393] : -9223372036854775808
C[8245912] : 20000
C[85386948] : -9223372036854775808
C[89138041] : 0
C[10502854] : 19968
C[62396332] : 20002
C[49521952] : 0
C[33285471] : 4
C[70338060] : 20000
C[4116925] : 16928
C[1995042] : 0
C[32048337] : 19488
C[64140641] : 0
C[86155658] : -9223372036854775808
C[16308784] : 18944
C[64870661] : 0
C[94772143] : -9223372036854775808
C[20881081] : 20000
C[44045081] : 0
C[44302264] : 20016
C[67697075] : 78
C[6798580] : 20000
C[88155030] : -9223372036854775808
C[97211691] : -9223372036854775808
C[14005507] : -9223372036854775808
C[73155582] : 20000
C[91130749] : 2
C[84874760] : -9223372036854775808
C[43648697] : -9223372036854775808
C[79763015] : 20000
C[6554486] : 4
C[17473442] : 20000
C[40525279] : 20000
C[91941435] : -9223372036854775808
C[6611483] : 20000
C[3544486] : 20001
C[54337767] : 20000
C[8649787] : 20000
C[36829957] : 0
C[77192179] : 20000
C[12766713] : 20000
C[91341351] : 0
C[9240516] : 10000
C[76907354] : -9223372036854775808
C[30013362] : 17952
C[25549300] : 20000
C[41778016] : 0
C[24785505] : 20064
C[98946734] : 2
C[85823097] : -9223372036854775808
C[21604121] : 0
C[66643809] : 78
C[45138029] : -20130
C[62275504] : 20000
C[16371853] : 20000
C[11659888] : 9984
C[35431086] : 20000
C[7502602] : 2
C[49051001] : 20000
C[31596135] : 0
C[39781969] : 20000
C[55605487] : 17952
C[49069577] : 20000
C[80307248] : 85900285444096
C[47546922] : 1319387136
C[55681060] : 1250
C[36368086] : 20000
C[1884689] : 20000
C[64330847] : 20000
C[73198043] : 20000
C[79076868] : 20000
C[29613912] : 20000
C[17055747] : 4
C[88317384] : 2
C[6521267] : 20000
C[47069109] : 20000
C[66383037] : 20008
C[815635] : 24100
C[24370966] : 0
C[65329771] : 20000
C[39155084] : 20000
C[98491440] : 2
C[31973580] : 20000
C[36809466] : 20000
C[60766944] : 20000
C[861785] : 86174223826944
C[48469354] : 20000
C[48714382] : 20000
C[8364387] : 0
C[50036707] : 20000
C[80310517] : 20000
Time elapsed : 1.127398 sec
