C[43947447] : 20000
C[73466911] : 20000
C[22978100] : 20000
C[66347746] : 20000
C[93675027] : 20000
C[95665371] : 20000
C[54801850] : 20000
C[51533837] : 20000
C[75773776] : 20000
C[98154583] : 20000
C[79888708] : 20000
C[91522233] : 20000
C[3866543] : 20000
C[84926862] : 20000
C[90000764] : 20000
C[27960883] : 20000
C[51180582] : 20000
C[48677624] : 20000
C[37629785] : 20000
C[40801076] : 20000
C[68657388] : 20000
C[39275249] : 20000
C[19754659] : 20000
C[13736974] : 20000
C[94493648] : 20000
C[50655464] : 20000
C[83169955] : 20000
C[94396122] : 20000
C[23727773] : 20000
C[96566009] : 20000
C[85512770] : 20000
C[67675221] : 20000
C[22549272] : 20000
C[61007222] : 20000
C[86539319] : 20000
C[68740651] : 20000
C[56672594] : 20000
C[93857521] : 20000
C[20274488] : 20000
C[84962722] : 20000
C[44528456] : 20000
C[52679548] : 20000
C[29001308] : 20000
C[48395000] : 20000
C[90122763] : 20000
C[19002072] : 20000
C[28872235] : 20000
C[41303345] : 20000
C[67679697] : 20000
C[66502020] : 20000
C[34620774] : 20000
C[88853437] : 20000
C[5777269] : 20000
C[54375433] : 20000
C[55106764] : 20000
C[52787269] : 20000
C[57547249] : 20000
C[38276719] : 20000
C[99699743] : 20000
C[33791374] : 20000
C[87359080] : 20000
C[85212513] : 20000
C[53982947] : 20000
C[62424704] : 20000
C[98736088] : 20000
C[40522266] : 20000
C[83681707] : 20000
C[55408682] : 20000
C[34379788] : 20000
C[3956195] : 20000
C[92887756] : 20000
C[78908244] : 20000
C[9152095] : 20000
C[21889064] : 20000
C[79819596] : 20000
C[51791210] : 20000
C[93407489] : 20000
C[61208183] : 20000
C[45610908] : 20000
C[13603538] : 20000
C[27710204] : 20000
C[32748034] : 20000
C[2456975] : 20000
C[86003825] : 20000
C[87123467] : 20000
C[10080091] : 20000
C[91307447] : 20000
C[97187068] : 20000
C[873162] : 20000
C[91007190] : 20000
C[30978442] : 20000
C[40748594] : 20000
C[28736056] : 20000
C[37477742] : 20000
C[3173298] : 20000
C[27472144] : 20000
C[78000008] : 20000
C[86855005] : 20000
C[35397178] : 20000
C[64896148] : 20000
Time elapsed : 1.149331 sec
