C[6938215] : 1310757376
C[61740398] : 0
C[692704] : 20000
C[14039648] : 85900553879552
C[68544425] : 18976
C[45841170] : -9223372036854775808
C[35079950] : 0
C[28480055] : 20000
C[7709750] : 19968
C[58279787] : 0
C[24496609] : 20000
C[77925858] : 20000
C[96255146] : -9223372036854775808
C[35041787] : -9223372036854775808
C[24900010] : 1250
C[81824126] : 0
C[42983777] : 19456
C[31560700] : 19488
C[89775597] : 2
C[93075464] : -9223372036854775808
C[80900153] : 20000
C[24763877] : 20000
C[58291974] : -9223372036854775808
C[59428096] : 0
C[93643236] : -9223372036854775808
C[17199511] : 20258
C[34814047] : 0
C[31377973] : 20192
C[51394389] : 20004
C[69870891] : -9223372036854775808
C[35047450] : 28192
C[58332604] : 20000
C[31611289] : 20000
C[35740155] : 20000
C[72372253] : 1314914432
C[155715] : 17952
C[34097677] : 18976
C[59968555] : 19968
C[81152122] : 10000
C[41807427] : 74
C[18248343] : 20000
C[5648731] : -9223372036854775808
C[72249638] : 0
C[67019841] : 0
C[40690518] : -9223372036854775808
C[97149648] : -9223372036854775808
C[48843967] : -9223372036854775808
C[36190647] : 28192
C[81226701] : 18976
C[38619565] : 20000
C[29266111] : 20000
C[62126854] : 0
C[63383442] : 20000
C[40074438] : 20000
C[74071302] : -9223372036854775808
C[9543030] : 19456
C[9790301] : 20128
C[61401701] : 28384
C[93437355] : 0
C[61184690] : 20000
C[31272592] : 1120
C[28484805] : 10000
C[19517294] : 17952
C[62883882] : 20000
C[16741312] : 78
C[44405899] : 20000
C[15555949] : 9488
C[50838990] : 20000
C[4374455] : 20064
C[96708071] : -9223372036854775808
C[45162769] : 0
C[22622798] : 1250
C[54873155] : 20000
C[17412407] : -9223372036854775808
C[89642639] : -9223372036854775808
C[95563673] : -9223372036854775808
C[67078408] : -9223372036854775808
C[91002959] : 0
C[31754321] : 9488
C[48305109] : 20000
C[29622524] : 20000
C[13536784] : 17952
C[62948315] : 24096
C[45522318] : 20001
C[6127574] : 0
C[37019617] : 10000
C[7581700] : 17440
C[15917875] : -9223372036854775808
C[98421318] : 2
C[1019055] : 20000
C[77102565] : 20256
C[82210262] : 20000
C[82020212] : 19968
C[96619860] : -9223372036854775808
C[45094144] : 0
C[98761525] : -9223372036854775808
C[93542111] : -9223372036854775808
C[13166445] : 17952
C[2116867] : -9223372036854775808
C[97916566] : -9223372036854775808
Time elapsed : 1.153360 sec
